Archive member included to satisfy reference by file (symbol)

/Applications/ArmGNUToolchain/14.2.rel1/arm-none-eabi/arm-none-eabi/lib/thumb/v7-m/nofp/libg_nano.a(libc_a-fflush.o)
                              ./output/startup_gcc.o (fflush)
/Applications/ArmGNUToolchain/14.2.rel1/arm-none-eabi/arm-none-eabi/lib/thumb/v7-m/nofp/libg_nano.a(libc_a-findfp.o)
                              /Applications/ArmGNUToolchain/14.2.rel1/arm-none-eabi/arm-none-eabi/lib/thumb/v7-m/nofp/libg_nano.a(libc_a-fflush.o) (__sglue)
/Applications/ArmGNUToolchain/14.2.rel1/arm-none-eabi/arm-none-eabi/lib/thumb/v7-m/nofp/libg_nano.a(libc_a-fwalk.o)
                              /Applications/ArmGNUToolchain/14.2.rel1/arm-none-eabi/arm-none-eabi/lib/thumb/v7-m/nofp/libg_nano.a(libc_a-fflush.o) (_fwalk_sglue)
/Applications/ArmGNUToolchain/14.2.rel1/arm-none-eabi/arm-none-eabi/lib/thumb/v7-m/nofp/libg_nano.a(libc_a-memcmp.o)
                              ./output/MessageBufferDemo.o (memcmp)
/Applications/ArmGNUToolchain/14.2.rel1/arm-none-eabi/arm-none-eabi/lib/thumb/v7-m/nofp/libg_nano.a(libc_a-memset.o)
                              ./output/tasks.o (memset)
/Applications/ArmGNUToolchain/14.2.rel1/arm-none-eabi/arm-none-eabi/lib/thumb/v7-m/nofp/libg_nano.a(libc_a-lock.o)
                              /Applications/ArmGNUToolchain/14.2.rel1/arm-none-eabi/arm-none-eabi/lib/thumb/v7-m/nofp/libg_nano.a(libc_a-findfp.o) (__retarget_lock_init_recursive)
/Applications/ArmGNUToolchain/14.2.rel1/arm-none-eabi/arm-none-eabi/lib/thumb/v7-m/nofp/libg_nano.a(libc_a-impure.o)
                              ./output/startup_gcc.o (_impure_ptr)
/Applications/ArmGNUToolchain/14.2.rel1/arm-none-eabi/arm-none-eabi/lib/thumb/v7-m/nofp/libg_nano.a(libc_a-strcmp.o)
                              ./output/MessageBufferAMP.o (strcmp)
/Applications/ArmGNUToolchain/14.2.rel1/arm-none-eabi/arm-none-eabi/lib/thumb/v7-m/nofp/libg_nano.a(libc_a-memcpy-stub.o)
                              ./output/queue.o (memcpy)
/Applications/ArmGNUToolchain/14.2.rel1/arm-none-eabi/arm-none-eabi/lib/thumb/v7-m/nofp/libg_nano.a(libc_a-strlen.o)
                              ./output/tasks.o (strlen)
/Applications/ArmGNUToolchain/14.2.rel1/arm-none-eabi/arm-none-eabi/lib/thumb/v7-m/nofp/libg_nano.a(libc_a-freer.o)
                              /Applications/ArmGNUToolchain/14.2.rel1/arm-none-eabi/arm-none-eabi/lib/thumb/v7-m/nofp/libg_nano.a(libc_a-fflush.o) (_free_r)
/Applications/ArmGNUToolchain/14.2.rel1/arm-none-eabi/arm-none-eabi/lib/thumb/v7-m/nofp/libg_nano.a(libc_a-mallocr.o)
                              /Applications/ArmGNUToolchain/14.2.rel1/arm-none-eabi/arm-none-eabi/lib/thumb/v7-m/nofp/libg_nano.a(libc_a-findfp.o) (_malloc_r)
/Applications/ArmGNUToolchain/14.2.rel1/arm-none-eabi/arm-none-eabi/lib/thumb/v7-m/nofp/libg_nano.a(libc_a-mlock.o)
                              /Applications/ArmGNUToolchain/14.2.rel1/arm-none-eabi/arm-none-eabi/lib/thumb/v7-m/nofp/libg_nano.a(libc_a-freer.o) (__malloc_lock)
/Applications/ArmGNUToolchain/14.2.rel1/arm-none-eabi/arm-none-eabi/lib/thumb/v7-m/nofp/libg_nano.a(libc_a-stdio.o)
                              /Applications/ArmGNUToolchain/14.2.rel1/arm-none-eabi/arm-none-eabi/lib/thumb/v7-m/nofp/libg_nano.a(libc_a-findfp.o) (__sread)
/Applications/ArmGNUToolchain/14.2.rel1/arm-none-eabi/arm-none-eabi/lib/thumb/v7-m/nofp/libg_nano.a(libc_a-lseekr.o)
                              /Applications/ArmGNUToolchain/14.2.rel1/arm-none-eabi/arm-none-eabi/lib/thumb/v7-m/nofp/libg_nano.a(libc_a-stdio.o) (_lseek_r)
/Applications/ArmGNUToolchain/14.2.rel1/arm-none-eabi/arm-none-eabi/lib/thumb/v7-m/nofp/libg_nano.a(libc_a-readr.o)
                              /Applications/ArmGNUToolchain/14.2.rel1/arm-none-eabi/arm-none-eabi/lib/thumb/v7-m/nofp/libg_nano.a(libc_a-stdio.o) (_read_r)
/Applications/ArmGNUToolchain/14.2.rel1/arm-none-eabi/arm-none-eabi/lib/thumb/v7-m/nofp/libg_nano.a(libc_a-sbrkr.o)
                              /Applications/ArmGNUToolchain/14.2.rel1/arm-none-eabi/arm-none-eabi/lib/thumb/v7-m/nofp/libg_nano.a(libc_a-mallocr.o) (_sbrk_r)
/Applications/ArmGNUToolchain/14.2.rel1/arm-none-eabi/arm-none-eabi/lib/thumb/v7-m/nofp/libg_nano.a(libc_a-writer.o)
                              /Applications/ArmGNUToolchain/14.2.rel1/arm-none-eabi/arm-none-eabi/lib/thumb/v7-m/nofp/libg_nano.a(libc_a-stdio.o) (_write_r)
/Applications/ArmGNUToolchain/14.2.rel1/arm-none-eabi/arm-none-eabi/lib/thumb/v7-m/nofp/libg_nano.a(libc_a-closer.o)
                              /Applications/ArmGNUToolchain/14.2.rel1/arm-none-eabi/arm-none-eabi/lib/thumb/v7-m/nofp/libg_nano.a(libc_a-stdio.o) (_close_r)
/Applications/ArmGNUToolchain/14.2.rel1/arm-none-eabi/arm-none-eabi/lib/thumb/v7-m/nofp/libg_nano.a(libc_a-reent.o)
                              /Applications/ArmGNUToolchain/14.2.rel1/arm-none-eabi/arm-none-eabi/lib/thumb/v7-m/nofp/libg_nano.a(libc_a-lseekr.o) (errno)
[...]
Memory Configuration

Name             Origin             Length             Attributes
FLASH            0x00000000         0x00400000         xr
RAM              0x20000000         0x00400000         rw
*default*        0x00000000         0xffffffff

Linker script and memory map

LOAD ./output/tasks.o
LOAD ./output/list.o
LOAD ./output/queue.o
LOAD ./output/timers.o
LOAD ./output/event_groups.o
LOAD ./output/stream_buffer.o
LOAD ./output/heap_4.o
LOAD ./output/port.o
LOAD ./output/AbortDelay.o
LOAD ./output/BlockQ.o
LOAD ./output/blocktim.o
LOAD ./output/countsem.o
LOAD ./output/death.o
LOAD ./output/dynamic.o
LOAD ./output/EventGroupsDemo.o
LOAD ./output/GenQTest.o
LOAD ./output/integer.o
LOAD ./output/IntQueue.o
LOAD ./output/IntQueueTimer.o
LOAD ./output/IntSemTest.o
LOAD ./output/MessageBufferAMP.o
LOAD ./output/MessageBufferDemo.o
LOAD ./output/PollQ.o
LOAD ./output/QPeek.o
LOAD ./output/QueueOverwrite.o
LOAD ./output/QueueSet.o
LOAD ./output/QueueSetPolling.o
LOAD ./output/recmutex.o
LOAD ./output/semtest.o
LOAD ./output/StaticAllocation.o
LOAD ./output/StreamBufferDemo.o
LOAD ./output/StreamBufferInterrupt.o
LOAD ./output/TaskNotify.o
LOAD ./output/TaskNotifyArray.o
LOAD ./output/TimerDemo.o
LOAD ./output/main.o
LOAD ./output/main_blinky.o
LOAD ./output/main_full.o
LOAD ./output/startup_gcc.o
LOAD ./output/RegTest.o
LOAD ./output/printf-stdarg.o
LOAD ./output/trcKernelPort.o
LOAD ./output/trcStreamPort.o
LOAD ./output/trcAssert.o
LOAD ./output/trcCounter.o
LOAD ./output/trcDependency.o
LOAD ./output/trcDiagnostics.o
LOAD ./output/trcEntryTable.o
LOAD ./output/trcError.o
LOAD ./output/trcEvent.o
LOAD ./output/trcEventBuffer.o
LOAD ./output/trcExtension.o
LOAD ./output/trcHardwarePort.o
LOAD ./output/trcHeap.o
LOAD ./output/trcInternalEventBuffer.o
LOAD ./output/trcInterval.o
LOAD ./output/trcISR.o
LOAD ./output/trcMultiCoreEventBuffer.o
LOAD ./output/trcObject.o
LOAD ./output/trcPrint.o
LOAD ./output/trcRunnable.o
LOAD ./output/trcSnapshotRecorder.o
LOAD ./output/trcStackMonitor.o
LOAD ./output/trcStateMachine.o
LOAD ./output/trcStaticBuffer.o
LOAD ./output/trcStreamingRecorder.o
LOAD ./output/trcString.o
LOAD ./output/trcTask.o
LOAD ./output/trcTimestamp.o
START GROUP
LOAD /opt/homebrew/Cellar/arm-none-eabi-gcc/14.2.0/lib/gcc/arm-none-eabi/14.2.0/thumb/v7-m/nofp/libgcc.a
LOAD /Applications/ArmGNUToolchain/14.2.rel1/arm-none-eabi/arm-none-eabi/lib/thumb/v7-m/nofp/libg_nano.a
LOAD /Applications/ArmGNUToolchain/14.2.rel1/arm-none-eabi/arm-none-eabi/lib/thumb/v7-m/nofp/libc_nano.a
END GROUP
START GROUP
LOAD /opt/homebrew/Cellar/arm-none-eabi-gcc/14.2.0/lib/gcc/arm-none-eabi/14.2.0/thumb/v7-m/nofp/libgcc.a
LOAD /Applications/ArmGNUToolchain/14.2.rel1/arm-none-eabi/arm-none-eabi/lib/thumb/v7-m/nofp/libc_nano.a
END GROUP
START GROUP
LOAD /opt/homebrew/Cellar/arm-none-eabi-gcc/14.2.0/lib/gcc/arm-none-eabi/14.2.0/thumb/v7-m/nofp/libgcc.a
LOAD /Applications/ArmGNUToolchain/14.2.rel1/arm-none-eabi/arm-none-eabi/lib/thumb/v7-m/nofp/libc.a
LOAD /Applications/ArmGNUToolchain/14.2.rel1/arm-none-eabi/arm-none-eabi/lib/thumb/v7-m/nofp/libnosys.a
END GROUP
                0x00000008                        _Min_Heap_Size = 0x8
                0x00000400                        _Min_Stack_Size = 0x400
                0x20400000                        _estack = (ORIGIN (RAM) + LENGTH (RAM))

.isr_vector     0x00000000       0x78
                0x00000000                        __vector_table = .
 *(.isr_vector)
 .isr_vector    0x00000000       0x78 ./output/startup_gcc.o
                0x00000000                isr_vector
                0x00000078                        . = ALIGN (0x4)

.text           0x00000078      0x6cc
 *(.text)
 *(.rodata*)
 .rodata.prvTaskIsTaskSuspended.str1.1
                0x00000078      0x6c8 ./output/tasks.o
                                 0x1a (size before relaxing)
 .rodata.vTaskStartScheduler.str1.1
                0x00000740        0x5 ./output/tasks.o
 .rodata.uxTopUsedPriority
                0x00000740        0x4 ./output/tasks.o
 .rodata.prvNotifyQueueSetContainer.str1.1
                0x00000744       0x1a ./output/queue.o
 .rodata.prvInitialiseNewQueue.str1.1
                0x00000744        0x1 ./output/queue.o
 .rodata.prvCheckForValidListAndQueue.str1.1
                0x00000744        0x5 ./output/timers.o
 .rodata.prvTimerTask.str1.1
                0x00000744       0x1b ./output/timers.o
 .rodata.xTimerCreateTimerTask.str1.1
                0x00000744        0x8 ./output/timers.o
 .rodata.pvPortMalloc.str1.1
                0x00000744       0x2c ./output/heap_4.o
 .rodata.prvTaskExitError.str1.1
                0x00000744       0x2e ./output/port.o
 .rodata.vApplicationMallocFailedHook.str1.1
                0x00000744       0x14 ./output/main.o
 .rodata.vApplicationStackOverflowHook.str1.1
                0x00000744       0x1b ./output/main.o
 .rodata.vAssertCalled.str1.1
                0x00000744       0x1b ./output/main.o
 .rodata.prvQueueReceiveTask.str1.1
                0x00000744       0xb0 ./output/main_blinky.o
 .rodata.main_blinky.str1.1
                0x00000744       0x19 ./output/main_blinky.o
 .rodata.prvGetRegistersFromStack.str1.1
                0x00000744       0x36 ./output/startup_gcc.o
 .rodata.tiny_print.str1.1
                0x00000744        0x7 ./output/printf-stdarg.o
 .rodata.xTraceKernelPortEnable.str1.1
                0x00000744       0x13 ./output/trcKernelPort.o
 .rodata.xTraceAssertInitialize.str1.1
                0x00000744       0x2b ./output/trcAssert.o
 .rodata.xTraceCounterInitialize.str1.1
                0x00000744       0x2c ./output/trcCounter.o
 .rodata.xTraceDiagnosticsInitialize.str1.1
                0x00000744       0x30 ./output/trcDiagnostics.o
 .rodata.xTraceEntryIndexTableInitialize.str1.1
                0x00000744       0x2f ./output/trcEntryTable.o
 .rodata.xTraceEntrySetSymbol.str1.1
                0x00000744        0x1 ./output/trcEntryTable.o
 .rodata.prvTraceErrorGetDescription.str1.1
                0x00000744      0x17b ./output/trcError.o
 .rodata.prvTraceErrorPrint.str1.1
                0x00000744        0x5 ./output/trcError.o
 .rodata.xTraceErrorInitialize.str1.1
                0x00000744       0x2a ./output/trcError.o
 .rodata.xTraceError.str1.1
                0x00000744       0x26 ./output/trcError.o
 .rodata.xTraceEventInitialize.str1.1
                0x00000744       0x2a ./output/trcEvent.o
 .rodata.prvTraceEventBufferAllocPop.isra.0.str1.1
                0x00000744       0x30 ./output/trcEventBuffer.o
 .rodata.xTraceExtensionInitialize.str1.1
                0x00000744       0x2e ./output/trcExtension.o
 .rodata.xTraceHeapAlloc.str1.1
                0x00000744       0x29 ./output/trcHeap.o
 .rodata.xTraceISRInitialize.str1.1
                0x00000744       0x28 ./output/trcISR.o
 .rodata.xTraceMultiCoreEventBufferInitialize.str1.1
                0x00000744       0x39 ./output/trcMultiCoreEventBuffer.o
 .rodata.xTraceObjectUnregister.str1.1
                0x00000744       0x2b ./output/trcObject.o
 .rodata.xTraceObjectSetName.str1.1
                0x00000744        0x1 ./output/trcObject.o
 .rodata.prvTraceVPrintF.str1.1
                0x00000744        0x8 ./output/trcPrint.o
 .rodata.xTracePrintInitialize.str1.1
                0x00000744       0x2a ./output/trcPrint.o
 .rodata.xTracePrint.str1.1
                0x00000744        0x1 ./output/trcPrint.o
 .rodata.xTraceStaticBufferInitialize.str1.1
                0x00000744       0x31 ./output/trcStaticBuffer.o
 .rodata.xTraceHeaderInitialize.str1.1
                0x00000744        0x9 ./output/trcStreamingRecorder.o
 .rodata.xTraceStringRegister.str1.1
                0x00000744       0x2b ./output/trcString.o
 .rodata.xTraceTaskInitialize.str1.1
                0x00000744       0x29 ./output/trcTask.o
 .rodata.xTraceTimestampInitialize.str1.1
                0x00000744       0x2e ./output/trcTimestamp.o
 *(.constdata*)
                0x00000744                        _etext = .
                0x00000744                        _sidata = .

.glue_7         0x00000744        0x0
 .glue_7        0x00000744        0x0 linker stubs

.glue_7t        0x00000744        0x0
 .glue_7t       0x00000744        0x0 linker stubs

.vfp11_veneer   0x00000744        0x0
 .vfp11_veneer  0x00000744        0x0 linker stubs

.v4_bx          0x00000744        0x0
 .v4_bx         0x00000744        0x0 linker stubs

.text.prvAddNewTaskToReadyList
                0x00000744      0x124
 .text.prvAddNewTaskToReadyList
                0x00000744      0x124 ./output/tasks.o

.text.prvAddCurrentTaskToDelayedList
                0x00000868       0xb4
 .text.prvAddCurrentTaskToDelayedList
                0x00000868       0xb4 ./output/tasks.o

.text.prvResetNextTaskUnblockTime
                0x0000091c       0x24
 .text.prvResetNextTaskUnblockTime
                0x0000091c       0x24 ./output/tasks.o

.text.prvDeleteTCB
                0x00000940       0x38
 .text.prvDeleteTCB
                0x00000940       0x38 ./output/tasks.o

.text.prvCheckTasksWaitingTermination
                0x00000978       0x40
 .text.prvCheckTasksWaitingTermination
                0x00000978       0x40 ./output/tasks.o

.text.prvIdleTask
                0x000009b8        0x8
 .text.prvIdleTask
                0x000009b8        0x8 ./output/tasks.o

.text.prvInitialiseNewTask.constprop.0
                0x000009c0       0x90
 .text.prvInitialiseNewTask.constprop.0
                0x000009c0       0x90 ./output/tasks.o

.text.xTaskCreateStatic
                0x00000a50       0x8c
 .text.xTaskCreateStatic
                0x00000a50       0x8c ./output/tasks.o
                0x00000a50                xTaskCreateStatic

.text.xTaskCreate
                0x00000adc       0x62
 .text.xTaskCreate
                0x00000adc       0x62 ./output/tasks.o
                0x00000adc                xTaskCreate

.text.vTaskStartScheduler
                0x00000b40       0xbc
 .text.vTaskStartScheduler
                0x00000b40       0xbc ./output/tasks.o
                0x00000b40                vTaskStartScheduler

.text.vTaskSuspendAll
                0x00000bfc       0x10
 .text.vTaskSuspendAll
                0x00000bfc       0x10 ./output/tasks.o
                0x00000bfc                vTaskSuspendAll

.text.xTaskGetTickCount
                0x00000c0c        0xc
 .text.xTaskGetTickCount
                0x00000c0c        0xc ./output/tasks.o
                0x00000c0c                xTaskGetTickCount

.text.uxTaskGetNumberOfTasks
                0x00000c18        0xc
 .text.uxTaskGetNumberOfTasks
                0x00000c18        0xc ./output/tasks.o
                0x00000c18                uxTaskGetNumberOfTasks

.text.xTaskIncrementTick
                0x00000c24      0x19c
 .text.xTaskIncrementTick
                0x00000c24      0x19c ./output/tasks.o
                0x00000c24                xTaskIncrementTick

.text.xTaskResumeAll
                0x00000dc0      0x140
 .text.xTaskResumeAll
                0x00000dc0      0x140 ./output/tasks.o
                0x00000dc0                xTaskResumeAll

.text.xTaskDelayUntil
                0x00000f00       0x94
 .text.xTaskDelayUntil
                0x00000f00       0x94 ./output/tasks.o
                0x00000f00                xTaskDelayUntil

.text.vTaskDelay
                0x00000f94       0x54
 .text.vTaskDelay
                0x00000f94       0x54 ./output/tasks.o
                0x00000f94                vTaskDelay

.text.vTaskSwitchContext
                0x00000fe8       0xb4
 .text.vTaskSwitchContext
                0x00000fe8       0xb4 ./output/tasks.o
                0x00000fe8                vTaskSwitchContext

.text.vTaskPlaceOnEventList
                0x0000109c       0x34
 .text.vTaskPlaceOnEventList
                0x0000109c       0x34 ./output/tasks.o
                0x0000109c                vTaskPlaceOnEventList

.text.vTaskPlaceOnEventListRestricted
                0x000010d0       0x64
 .text.vTaskPlaceOnEventListRestricted
                0x000010d0       0x64 ./output/tasks.o
                0x000010d0                vTaskPlaceOnEventListRestricted

.text.xTaskRemoveFromEventList
                0x00001134       0xd4
 .text.xTaskRemoveFromEventList
                0x00001134       0xd4 ./output/tasks.o
                0x00001134                xTaskRemoveFromEventList

.text.vTaskInternalSetTimeOutState
                0x00001208       0x18
 .text.vTaskInternalSetTimeOutState
                0x00001208       0x18 ./output/tasks.o
                0x00001208                vTaskInternalSetTimeOutState

.text.xTaskCheckForTimeOut
                0x00001220       0x84
 .text.xTaskCheckForTimeOut
                0x00001220       0x84 ./output/tasks.o
                0x00001220                xTaskCheckForTimeOut

.text.vTaskMissedYield
                0x000012a4        0xc
 .text.vTaskMissedYield
                0x000012a4        0xc ./output/tasks.o
                0x000012a4                vTaskMissedYield

.text.xTaskGetSchedulerState
                0x000012b0       0x20
 .text.xTaskGetSchedulerState
                0x000012b0       0x20 ./output/tasks.o
                0x000012b0                xTaskGetSchedulerState

.text.xTaskPriorityDisinherit
                0x000012d0       0xb0
 .text.xTaskPriorityDisinherit
                0x000012d0       0xb0 ./output/tasks.o
                0x000012d0                xTaskPriorityDisinherit

.iplt           0x00001380        0x0
 .iplt          0x00001380        0x0 ./output/tasks.o

.text.vListInitialise
                0x00001380       0x16
 .text.vListInitialise
                0x00001380       0x16 ./output/list.o
                0x00001380                vListInitialise

.text.vListInitialiseItem
                0x00001396        0x6
 .text.vListInitialiseItem
                0x00001396        0x6 ./output/list.o
                0x00001396                vListInitialiseItem

.text.vListInsert
                0x0000139c       0x2e
 .text.vListInsert
                0x0000139c       0x2e ./output/list.o
                0x0000139c                vListInsert

.text.uxListRemove
                0x000013ca       0x1e
 .text.uxListRemove
                0x000013ca       0x1e ./output/list.o
                0x000013ca                uxListRemove

.text.prvIsQueueEmpty
                0x000013e8       0x16
 .text.prvIsQueueEmpty
                0x000013e8       0x16 ./output/queue.o

.text.prvCopyDataToQueue
                0x000013fe       0x66
 .text.prvCopyDataToQueue
                0x000013fe       0x66 ./output/queue.o

.text.prvCopyDataFromQueue
                0x00001464       0x26
 .text.prvCopyDataFromQueue
                0x00001464       0x26 ./output/queue.o

.text.prvNotifyQueueSetContainer
                0x0000148c       0x90
 .text.prvNotifyQueueSetContainer
                0x0000148c       0x90 ./output/queue.o

.text.prvUnlockQueue
                0x0000151c       0x78
 .text.prvUnlockQueue
                0x0000151c       0x78 ./output/queue.o

.text.xQueueGenericReset
                0x00001594       0x98
 .text.xQueueGenericReset
                0x00001594       0x98 ./output/queue.o
                0x00001594                xQueueGenericReset

.text.prvInitialiseNewQueue
                0x0000162c       0x68
 .text.prvInitialiseNewQueue
                0x0000162c       0x68 ./output/queue.o

.text.xQueueGenericCreateStatic
                0x00001694       0x6c
 .text.xQueueGenericCreateStatic
                0x00001694       0x6c ./output/queue.o
                0x00001694                xQueueGenericCreateStatic

.text.xQueueGenericCreate
                0x00001700       0x84
 .text.xQueueGenericCreate
                0x00001700       0x84 ./output/queue.o
                0x00001700                xQueueGenericCreate

.text.xQueueGenericSend
                0x00001784      0x20c
 .text.xQueueGenericSend
                0x00001784      0x20c ./output/queue.o
                0x00001784                xQueueGenericSend

.text.xQueueGenericSendFromISR
                0x00001990      0x128
 .text.xQueueGenericSendFromISR
                0x00001990      0x128 ./output/queue.o
                0x00001990                xQueueGenericSendFromISR

.text.xQueueReceive
                0x00001ab8      0x1d8
 .text.xQueueReceive
                0x00001ab8      0x1d8 ./output/queue.o
                0x00001ab8                xQueueReceive

.text.xQueueReceiveFromISR
                0x00001c90       0xec
 .text.xQueueReceiveFromISR
                0x00001c90       0xec ./output/queue.o
                0x00001c90                xQueueReceiveFromISR

.text.xQueueIsQueueFullFromISR
                0x00001d7c       0x20
 .text.xQueueIsQueueFullFromISR
                0x00001d7c       0x20 ./output/queue.o
                0x00001d7c                xQueueIsQueueFullFromISR

.text.vQueueAddToRegistry
                0x00001d9c       0x58
 .text.vQueueAddToRegistry
                0x00001d9c       0x58 ./output/queue.o
                0x00001d9c                vQueueAddToRegistry

.text.vQueueWaitForMessageRestricted
                0x00001df4       0x46
 .text.vQueueWaitForMessageRestricted
                0x00001df4       0x46 ./output/queue.o
                0x00001df4                vQueueWaitForMessageRestricted

.text.prvInsertTimerInActiveList
                0x00001e3c       0x3c
 .text.prvInsertTimerInActiveList
                0x00001e3c       0x3c ./output/timers.o

.text.prvReloadTimer
                0x00001e78       0x30
 .text.prvReloadTimer
                0x00001e78       0x30 ./output/timers.o

.text.prvProcessExpiredTimer
                0x00001ea8       0x48
 .text.prvProcessExpiredTimer
                0x00001ea8       0x48 ./output/timers.o

.text.prvSwitchTimerLists
                0x00001ef0       0x2c
 .text.prvSwitchTimerLists
                0x00001ef0       0x2c ./output/timers.o

.text.prvCheckForValidListAndQueue
                0x00001f1c       0x68
 .text.prvCheckForValidListAndQueue
                0x00001f1c       0x68 ./output/timers.o

.text.prvTimerTask
                0x00001f84      0x198
 .text.prvTimerTask
                0x00001f84      0x198 ./output/timers.o

.text.xTimerCreateTimerTask
                0x0000211c       0x64
 .text.xTimerCreateTimerTask
                0x0000211c       0x64 ./output/timers.o
                0x0000211c                xTimerCreateTimerTask

.text.xTimerCreate
                0x00002180       0x64
 .text.xTimerCreate
                0x00002180       0x64 ./output/timers.o
                0x00002180                xTimerCreate

.text.xTimerGenericCommandFromTask
                0x000021e4       0xe8
 .text.xTimerGenericCommandFromTask
                0x000021e4       0xe8 ./output/timers.o
                0x000021e4                xTimerGenericCommandFromTask

.text.pvPortMalloc
                0x000022cc      0x1b4
 .text.pvPortMalloc
                0x000022cc      0x1b4 ./output/heap_4.o
                0x000022cc                pvPortMalloc

.text.vPortFree
                0x00002480      0x11c
 .text.vPortFree
                0x00002480      0x11c ./output/heap_4.o
                0x00002480                vPortFree

.text.vPortSVCHandler
                0x0000259c       0x24
 .text.vPortSVCHandler
                0x0000259c       0x24 ./output/port.o
                0x0000259c                vPortSVCHandler

.text.prvPortStartFirstTask
                0x000025c0       0x20
 .text.prvPortStartFirstTask
                0x000025c0       0x20 ./output/port.o

.text.xPortPendSVHandler
                0x000025e0       0x44
 .text.xPortPendSVHandler
                0x000025e0       0x44 ./output/port.o
                0x000025e0                xPortPendSVHandler

.text.prvTaskExitError
                0x00002624       0x3c
 .text.prvTaskExitError
                0x00002624       0x3c ./output/port.o

.text.pxPortInitialiseStack
                0x00002660       0x24
 .text.pxPortInitialiseStack
                0x00002660       0x24 ./output/port.o
                0x00002660                pxPortInitialiseStack

.text.vPortEnterCritical
                0x00002684       0x3c
 .text.vPortEnterCritical
                0x00002684       0x3c ./output/port.o
                0x00002684                vPortEnterCritical

.text.vPortExitCritical
                0x000026c0       0x28
 .text.vPortExitCritical
                0x000026c0       0x28 ./output/port.o
                0x000026c0                vPortExitCritical

.text.xPortSysTickHandler
                0x000026e8       0x2c
 .text.xPortSysTickHandler
                0x000026e8       0x2c ./output/port.o
                0x000026e8                xPortSysTickHandler

.text.vPortSetupTimerInterrupt
                0x00002714       0x16
 .text.vPortSetupTimerInterrupt
                0x00002714       0x16 ./output/port.o
                0x00002714                vPortSetupTimerInterrupt

.text.xPortStartScheduler
                0x0000272c      0x10c
 .text.xPortStartScheduler
                0x0000272c      0x10c ./output/port.o
                0x0000272c                xPortStartScheduler

.text.vPortValidateInterruptPriority
                0x00002838       0x54
 .text.vPortValidateInterruptPriority
                0x00002838       0x54 ./output/port.o
                0x00002838                vPortValidateInterruptPriority

.text.prvRecordValue_NormallyFull
                0x0000288c       0x28
 .text.prvRecordValue_NormallyFull
                0x0000288c       0x28 ./output/IntQueue.o

.text.prvRecordValue_NormallyEmpty
                0x000028b4       0x28
 .text.prvRecordValue_NormallyEmpty
                0x000028b4       0x28 ./output/IntQueue.o

.text.xFirstTimerHandler
                0x000028dc      0x138
 .text.xFirstTimerHandler
                0x000028dc      0x138 ./output/IntQueue.o
                0x000028dc                xFirstTimerHandler

.text.xSecondTimerHandler
                0x00002a14      0x1e8
 .text.xSecondTimerHandler
                0x00002a14      0x1e8 ./output/IntQueue.o
                0x00002a14                xSecondTimerHandler

.text.TIMER0_Handler
                0x00002bfc       0x3c
 .text.TIMER0_Handler
                0x00002bfc       0x3c ./output/IntQueueTimer.o
                0x00002bfc                TIMER0_Handler

.text.TIMER1_Handler
                0x00002c38       0x3c
 .text.TIMER1_Handler
                0x00002c38       0x3c ./output/IntQueueTimer.o
                0x00002c38                TIMER1_Handler

.text.startup.main
                0x00002c74       0x28
 .text.startup.main
                0x00002c74       0x28 ./output/main.o
                0x00002c74                main

.text.vApplicationMallocFailedHook
                0x00002c9c       0x20
 .text.vApplicationMallocFailedHook
                0x00002c9c       0x20 ./output/main.o
                0x00002c9c                vApplicationMallocFailedHook

.text.vApplicationStackOverflowHook
                0x00002cbc       0x20
 .text.vApplicationStackOverflowHook
                0x00002cbc       0x20 ./output/main.o
                0x00002cbc                vApplicationStackOverflowHook

.text.vApplicationTickHook
                0x00002cdc        0x2
 .text.vApplicationTickHook
                0x00002cdc        0x2 ./output/main.o
                0x00002cdc                vApplicationTickHook

.text.vAssertCalled
                0x00002ce0       0x2c
 .text.vAssertCalled
                0x00002ce0       0x2c ./output/main.o
                0x00002ce0                vAssertCalled

.text.vApplicationGetIdleTaskMemory
                0x00002d0c       0x18
 .text.vApplicationGetIdleTaskMemory
                0x00002d0c       0x18 ./output/main.o
                0x00002d0c                vApplicationGetIdleTaskMemory

.text.vApplicationGetTimerTaskMemory
                0x00002d24       0x18
 .text.vApplicationGetTimerTaskMemory
                0x00002d24       0x18 ./output/main.o
                0x00002d24                vApplicationGetTimerTaskMemory

.text.prvQueueSendTimerCallback
                0x00002d3c       0x20
 .text.prvQueueSendTimerCallback
                0x00002d3c       0x20 ./output/main_blinky.o

.text.prvQueueSendTask
                0x00002d5c       0x28
 .text.prvQueueSendTask
                0x00002d5c       0x28 ./output/main_blinky.o

.text.prvQueueReceiveTask
                0x00002d84       0x68
 .text.prvQueueReceiveTask
                0x00002d84       0x68 ./output/main_blinky.o

.text.main_blinky
                0x00002dec       0x8c
 .text.main_blinky
                0x00002dec       0x8c ./output/main_blinky.o
                0x00002dec                main_blinky

.text.Default_Handler
                0x00002f00        0xc
 .text.Default_Handler
                0x00002f00        0xc ./output/startup_gcc.o

.text.HardFault_Handler
                0x00003000       0x18
 .text.HardFault_Handler
                0x00003000       0x18 ./output/startup_gcc.o

.text.Reset_Handler
                0x00003018        0x4
 .text.Reset_Handler
                0x00003018        0x4 ./output/startup_gcc.o
                0x00003018                Reset_Handler

.text.prvGetRegistersFromStack
                0x0000301c       0x6c
 .text.prvGetRegistersFromStack
                0x0000301c       0x6c ./output/startup_gcc.o
                0x0000301c                prvGetRegistersFromStack

.text.printchar
                0x00003088       0x1e
 .text.printchar
                0x00003088       0x1e ./output/printf-stdarg.o

.text.prints    0x000030a6       0x8a
 .text.prints   0x000030a6       0x8a ./output/printf-stdarg.o

.text.printi    0x00003130       0xa0
 .text.printi   0x00003130       0xa0 ./output/printf-stdarg.o

.text.tiny_print
                0x000031d0      0x124
 .text.tiny_print
                0x000031d0      0x124 ./output/printf-stdarg.o

.text.printf    0x000032f4       0x1e
 .text.printf   0x000032f4       0x1e ./output/printf-stdarg.o
                0x000032f4                printf

.text.TzCtrl    0x00003312       0x10
 .text.TzCtrl   0x00003312       0x10 ./output/trcKernelPort.o

.text.xTraceKernelPortInitialize
                0x00003324       0x18
 .text.xTraceKernelPortInitialize
                0x00003324       0x18 ./output/trcKernelPort.o
                0x00003324                xTraceKernelPortInitialize

.text.xTraceKernelPortEnable
                0x0000333c       0x68
 .text.xTraceKernelPortEnable
                0x0000333c       0x68 ./output/trcKernelPort.o
                0x0000333c                xTraceKernelPortEnable

.text.vTraceSetQueueName
                0x000033a4        0x4
 .text.vTraceSetQueueName
                0x000033a4        0x4 ./output/trcKernelPort.o
                0x000033a4                vTraceSetQueueName

.text.xTraceKernelPortGetSystemHeapHandle
                0x000033a8        0xc
 .text.xTraceKernelPortGetSystemHeapHandle
                0x000033a8        0xc ./output/trcKernelPort.o
                0x000033a8                xTraceKernelPortGetSystemHeapHandle

.text.xTraceStreamPortInitialize
                0x000033b4       0xd8
 .text.xTraceStreamPortInitialize
                0x000033b4       0xd8 ./output/trcStreamPort.o
                0x000033b4                xTraceStreamPortInitialize

.text.xTraceStreamPortOnTraceBegin
                0x0000348c        0xc
 .text.xTraceStreamPortOnTraceBegin
                0x0000348c        0xc ./output/trcStreamPort.o
                0x0000348c                xTraceStreamPortOnTraceBegin

.text.prvTraceAssertCreate
                0x00003498       0x90
 .text.prvTraceAssertCreate
                0x00003498       0x90 ./output/trcAssert.o
                0x00003498                prvTraceAssertCreate

.text.xTraceAssertInitialize
                0x00003528       0x34
 .text.xTraceAssertInitialize
                0x00003528       0x34 ./output/trcAssert.o
                0x00003528                xTraceAssertInitialize

.text.xTraceAssertGet
                0x0000355c       0x50
 .text.xTraceAssertGet
                0x0000355c       0x50 ./output/trcAssert.o
                0x0000355c                xTraceAssertGet

.text.xTraceCounterInitialize
                0x000035ac       0x34
 .text.xTraceCounterInitialize
                0x000035ac       0x34 ./output/trcCounter.o
                0x000035ac                xTraceCounterInitialize

.text.xTraceDiagnosticsInitialize
                0x000035e0       0x3c
 .text.xTraceDiagnosticsInitialize
                0x000035e0       0x3c ./output/trcDiagnostics.o
                0x000035e0                xTraceDiagnosticsInitialize

.text.xTraceDiagnosticsAdd
                0x0000361c       0x3c
 .text.xTraceDiagnosticsAdd
                0x0000361c       0x3c ./output/trcDiagnostics.o
                0x0000361c                xTraceDiagnosticsAdd

.text.xTraceDiagnosticsIncrease
                0x00003658        0x6
 .text.xTraceDiagnosticsIncrease
                0x00003658        0x6 ./output/trcDiagnostics.o
                0x00003658                xTraceDiagnosticsIncrease

.text.xTraceDiagnosticsSetIfHigher
                0x00003660       0x40
 .text.xTraceDiagnosticsSetIfHigher
                0x00003660       0x40 ./output/trcDiagnostics.o
                0x00003660                xTraceDiagnosticsSetIfHigher

.text.xTraceDiagnosticsCheckStatus
                0x000036a0       0x68
 .text.xTraceDiagnosticsCheckStatus
                0x000036a0       0x68 ./output/trcDiagnostics.o
                0x000036a0                xTraceDiagnosticsCheckStatus

.text.xTraceEntryIndexTableInitialize
                0x00003708       0x2c
 .text.xTraceEntryIndexTableInitialize
                0x00003708       0x2c ./output/trcEntryTable.o
                0x00003708                xTraceEntryIndexTableInitialize

.text.xTraceEntryTableInitialize
                0x00003734       0x54
 .text.xTraceEntryTableInitialize
                0x00003734       0x54 ./output/trcEntryTable.o
                0x00003734                xTraceEntryTableInitialize

.text.xTraceEntryCreate
                0x00003788       0x7c
 .text.xTraceEntryCreate
                0x00003788       0x7c ./output/trcEntryTable.o
                0x00003788                xTraceEntryCreate

.text.xTraceEntryDelete
                0x00003804       0x7c
 .text.xTraceEntryDelete
                0x00003804       0x7c ./output/trcEntryTable.o
                0x00003804                xTraceEntryDelete

.text.xTraceEntryFind
                0x00003880       0x58
 .text.xTraceEntryFind
                0x00003880       0x58 ./output/trcEntryTable.o
                0x00003880                xTraceEntryFind

.text.xTraceEntrySetSymbol
                0x000038d8       0x68
 .text.xTraceEntrySetSymbol
                0x000038d8       0x68 ./output/trcEntryTable.o
                0x000038d8                xTraceEntrySetSymbol

.text.xTraceEntryCreateWithAddress
                0x00003940       0x2c
 .text.xTraceEntryCreateWithAddress
                0x00003940       0x2c ./output/trcEntryTable.o
                0x00003940                xTraceEntryCreateWithAddress

.text.xTraceEntrySetState
                0x0000396c       0x54
 .text.xTraceEntrySetState
                0x0000396c       0x54 ./output/trcEntryTable.o
                0x0000396c                xTraceEntrySetState

.text.xTraceEntrySetOptions
                0x000039c0       0x48
 .text.xTraceEntrySetOptions
                0x000039c0       0x48 ./output/trcEntryTable.o
                0x000039c0                xTraceEntrySetOptions

.text.xTraceEntryGetAddress
                0x00003a08       0x50
 .text.xTraceEntryGetAddress
                0x00003a08       0x50 ./output/trcEntryTable.o
                0x00003a08                xTraceEntryGetAddress

.text.xTraceEntryGetSymbol
                0x00003a58       0x50
 .text.xTraceEntryGetSymbol
                0x00003a58       0x50 ./output/trcEntryTable.o
                0x00003a58                xTraceEntryGetSymbol

.text.xTraceEntryGetState
                0x00003aa8       0x5c
 .text.xTraceEntryGetState
                0x00003aa8       0x5c ./output/trcEntryTable.o
                0x00003aa8                xTraceEntryGetState

.text.prvTraceErrorGetDescription
                0x00003b04       0x90
 .text.prvTraceErrorGetDescription
                0x00003b04       0x90 ./output/trcError.o

.text.prvTraceErrorPrint
                0x00003b94       0x74
 .text.prvTraceErrorPrint
                0x00003b94       0x74 ./output/trcError.o

.text.xTraceErrorInitialize
                0x00003c08       0x38
 .text.xTraceErrorInitialize
                0x00003c08       0x38 ./output/trcError.o
                0x00003c08                xTraceErrorInitialize

.text.xTraceWarning
                0x00003c40       0x3c
 .text.xTraceWarning
                0x00003c40       0x3c ./output/trcError.o
                0x00003c40                xTraceWarning

.text.xTraceError
                0x00003c7c       0x50
 .text.xTraceError
                0x00003c7c       0x50 ./output/trcError.o
                0x00003c7c                xTraceError

.text.xTraceEventInitialize
                0x00003ccc       0x34
 .text.xTraceEventInitialize
                0x00003ccc       0x34 ./output/trcEvent.o
                0x00003ccc                xTraceEventInitialize

.text.xTraceEventCreate1
                0x00003d00       0x94
 .text.xTraceEventCreate1
                0x00003d00       0x94 ./output/trcEvent.o
                0x00003d00                xTraceEventCreate1

.text.xTraceEventCreate2
                0x00003d94       0x98
 .text.xTraceEventCreate2
                0x00003d94       0x98 ./output/trcEvent.o
                0x00003d94                xTraceEventCreate2

.text.xTraceEventCreate3
                0x00003e2c       0x9c
 .text.xTraceEventCreate3
                0x00003e2c       0x9c ./output/trcEvent.o
                0x00003e2c                xTraceEventCreate3

.text.xTraceEventCreate4
                0x00003ec8       0xa0
 .text.xTraceEventCreate4
                0x00003ec8       0xa0 ./output/trcEvent.o
                0x00003ec8                xTraceEventCreate4

.text.xTraceEventCreateDataOffline0
                0x00003f68       0x98
 .text.xTraceEventCreateDataOffline0
                0x00003f68       0x98 ./output/trcEvent.o
                0x00003f68                xTraceEventCreateDataOffline0

.text.xTraceEventCreateData1
                0x00004000       0xb8
 .text.xTraceEventCreateData1
                0x00004000       0xb8 ./output/trcEvent.o
                0x00004000                xTraceEventCreateData1

.text.xTraceEventCreateData2
                0x000040b8       0xc0
 .text.xTraceEventCreateData2
                0x000040b8       0xc0 ./output/trcEvent.o
                0x000040b8                xTraceEventCreateData2

.text.xTraceEventCreateData3
                0x00004178       0xc4
 .text.xTraceEventCreateData3
                0x00004178       0xc4 ./output/trcEvent.o
                0x00004178                xTraceEventCreateData3

.text.xTraceEventCreateData4
                0x0000423c       0xc8
 .text.xTraceEventCreateData4
                0x0000423c       0xc8 ./output/trcEvent.o
                0x0000423c                xTraceEventCreateData4

.text.xTraceEventCreateData5
                0x00004304       0xcc
 .text.xTraceEventCreateData5
                0x00004304       0xcc ./output/trcEvent.o
                0x00004304                xTraceEventCreateData5

.text.xTraceEventCreateData6
                0x000043d0       0xd4
 .text.xTraceEventCreateData6
                0x000043d0       0xd4 ./output/trcEvent.o
                0x000043d0                xTraceEventCreateData6

.text.xTraceEventGetSize
                0x000044a4       0x38
 .text.xTraceEventGetSize
                0x000044a4       0x38 ./output/trcEvent.o
                0x000044a4                xTraceEventGetSize

.text.prvTraceEventBufferAllocPop.isra.0
                0x000044dc       0x48
 .text.prvTraceEventBufferAllocPop.isra.0
                0x000044dc       0x48 ./output/trcEventBuffer.o

.text.xTraceEventBufferInitialize
                0x00004524       0x48
 .text.xTraceEventBufferInitialize
                0x00004524       0x48 ./output/trcEventBuffer.o
                0x00004524                xTraceEventBufferInitialize

.text.xTraceEventBufferAlloc
                0x0000456c       0xf4
 .text.xTraceEventBufferAlloc
                0x0000456c       0xf4 ./output/trcEventBuffer.o
                0x0000456c                xTraceEventBufferAlloc

.text.xTraceEventBufferAllocCommit
                0x00004660       0x2c
 .text.xTraceEventBufferAllocCommit
                0x00004660       0x2c ./output/trcEventBuffer.o
                0x00004660                xTraceEventBufferAllocCommit

.text.xTraceEventBufferClear
                0x0000468c       0x28
 .text.xTraceEventBufferClear
                0x0000468c       0x28 ./output/trcEventBuffer.o
                0x0000468c                xTraceEventBufferClear

.text.xTraceExtensionInitialize
                0x000046b4       0x34
 .text.xTraceExtensionInitialize
                0x000046b4       0x34 ./output/trcExtension.o
                0x000046b4                xTraceExtensionInitialize

.text.xTraceHeapCreate
                0x000046e8       0x2a
 .text.xTraceHeapCreate
                0x000046e8       0x2a ./output/trcHeap.o
                0x000046e8                xTraceHeapCreate

.text.xTraceHeapAlloc
                0x00004714       0x78
 .text.xTraceHeapAlloc
                0x00004714       0x78 ./output/trcHeap.o
                0x00004714                xTraceHeapAlloc

.text.xTraceHeapFree
                0x0000478c       0x50
 .text.xTraceHeapFree
                0x0000478c       0x50 ./output/trcHeap.o
                0x0000478c                xTraceHeapFree

.text.xTraceISRInitialize
                0x000047dc       0x48
 .text.xTraceISRInitialize
                0x000047dc       0x48 ./output/trcISR.o
                0x000047dc                xTraceISRInitialize

.text.xTraceMultiCoreEventBufferInitialize
                0x00004824       0x3c
 .text.xTraceMultiCoreEventBufferInitialize
                0x00004824       0x3c ./output/trcMultiCoreEventBuffer.o
                0x00004824                xTraceMultiCoreEventBufferInitialize

.text.xTraceMultiCoreEventBufferAlloc
                0x00004860       0x20
 .text.xTraceMultiCoreEventBufferAlloc
                0x00004860       0x20 ./output/trcMultiCoreEventBuffer.o
                0x00004860                xTraceMultiCoreEventBufferAlloc

.text.xTraceMultiCoreEventBufferAllocCommit
                0x00004880       0x20
 .text.xTraceMultiCoreEventBufferAllocCommit
                0x00004880       0x20 ./output/trcMultiCoreEventBuffer.o
                0x00004880                xTraceMultiCoreEventBufferAllocCommit

.text.xTraceMultiCoreEventBufferClear
                0x000048a0       0x24
 .text.xTraceMultiCoreEventBufferClear
                0x000048a0       0x24 ./output/trcMultiCoreEventBuffer.o
                0x000048a0                xTraceMultiCoreEventBufferClear

.text.xTraceObjectUnregister
                0x000048c4       0x60
 .text.xTraceObjectUnregister
                0x000048c4       0x60 ./output/trcObject.o
                0x000048c4                xTraceObjectUnregister

.text.xTraceObjectSetName
                0x00004924       0x48
 .text.xTraceObjectSetName
                0x00004924       0x48 ./output/trcObject.o
                0x00004924                xTraceObjectSetName

.text.xTraceObjectRegisterInternal
                0x0000496c       0xfc
 .text.xTraceObjectRegisterInternal
                0x0000496c       0xfc ./output/trcObject.o
                0x0000496c                xTraceObjectRegisterInternal

.text.xTraceObjectRegisterWithoutHandle
                0x00004a68       0x1e
 .text.xTraceObjectRegisterWithoutHandle
                0x00004a68       0x1e ./output/trcObject.o
                0x00004a68                xTraceObjectRegisterWithoutHandle

.text.xTraceObjectUnregisterWithoutHandle
                0x00004a86       0x30
 .text.xTraceObjectUnregisterWithoutHandle
                0x00004a86       0x30 ./output/trcObject.o
                0x00004a86                xTraceObjectUnregisterWithoutHandle

.text.xTraceObjectSetNameWithoutHandle
                0x00004ab6       0x38
 .text.xTraceObjectSetNameWithoutHandle
                0x00004ab6       0x38 ./output/trcObject.o
                0x00004ab6                xTraceObjectSetNameWithoutHandle

.text.prvTraceVPrintF
                0x00004af0       0xf0
 .text.prvTraceVPrintF
                0x00004af0       0xf0 ./output/trcPrint.o

.text.xTracePrintInitialize
                0x00004be0       0x34
 .text.xTracePrintInitialize
                0x00004be0       0x34 ./output/trcPrint.o
                0x00004be0                xTracePrintInitialize

.text.xTracePrint
                0x00004c14       0x3c
 .text.xTracePrint
                0x00004c14       0x3c ./output/trcPrint.o
                0x00004c14                xTracePrint

.text.xTraceVPrintF
                0x00004c50       0x4c
 .text.xTraceVPrintF
                0x00004c50       0x4c ./output/trcPrint.o
                0x00004c50                xTraceVPrintF

.text.xTracePrintF
                0x00004c9c       0x2c
 .text.xTracePrintF
                0x00004c9c       0x2c ./output/trcPrint.o
                0x00004c9c                xTracePrintF

.text.xTraceStaticBufferInitialize
                0x00004cc8       0x30
 .text.xTraceStaticBufferInitialize
                0x00004cc8       0x30 ./output/trcStaticBuffer.o
                0x00004cc8                xTraceStaticBufferInitialize

.text.xTraceInitialize
                0x00004cf8       0xfc
 .text.xTraceInitialize
                0x00004cf8       0xfc ./output/trcStreamingRecorder.o
                0x00004cf8                xTraceInitialize

.text.xTraceHeaderInitialize
                0x00004df4       0x4c
 .text.xTraceHeaderInitialize
                0x00004df4       0x4c ./output/trcStreamingRecorder.o
                0x00004df4                xTraceHeaderInitialize

.text.xTraceEnable
                0x00004e40       0xb0
 .text.xTraceEnable
                0x00004e40       0xb0 ./output/trcStreamingRecorder.o
                0x00004e40                xTraceEnable

.text.xTraceDisable
                0x00004ef0       0x24
 .text.xTraceDisable
                0x00004ef0       0x24 ./output/trcStreamingRecorder.o
                0x00004ef0                xTraceDisable

.text.xTraceTzCtrl
                0x00004f14       0x24
 .text.xTraceTzCtrl
                0x00004f14       0x24 ./output/trcStreamingRecorder.o
                0x00004f14                xTraceTzCtrl

.text.xTraceStringRegister
                0x00004f38       0x58
 .text.xTraceStringRegister
                0x00004f38       0x58 ./output/trcString.o
                0x00004f38                xTraceStringRegister

.text.xTraceTaskInitialize
                0x00004f90       0x34
 .text.xTraceTaskInitialize
                0x00004f90       0x34 ./output/trcTask.o
                0x00004f90                xTraceTaskInitialize

.text.xTraceTaskSwitch
                0x00004fc4       0x50
 .text.xTraceTaskSwitch
                0x00004fc4       0x50 ./output/trcTask.o
                0x00004fc4                xTraceTaskSwitch

.text.xTraceTimestampInitialize
                0x00005014       0x48
 .text.xTraceTimestampInitialize
                0x00005014       0x48 ./output/trcTimestamp.o
                0x00005014                xTraceTimestampInitialize

.text.xTraceTimestampGet
                0x0000505c       0x80
 .text.xTraceTimestampGet
                0x0000505c       0x80 ./output/trcTimestamp.o
                0x0000505c                xTraceTimestampGet

.text.xTraceTimestampGetWraparounds
                0x000050dc       0x34
 .text.xTraceTimestampGetWraparounds
                0x000050dc       0x34 ./output/trcTimestamp.o
                0x000050dc                xTraceTimestampGetWraparounds

.text.xTraceTimestampSetFrequency
                0x00005110       0x2c
 .text.xTraceTimestampSetFrequency
                0x00005110       0x2c ./output/trcTimestamp.o
                0x00005110                xTraceTimestampSetFrequency

.text.xTraceTimestampSetPeriod
                0x0000513c       0x2c
 .text.xTraceTimestampSetPeriod
                0x0000513c       0x2c ./output/trcTimestamp.o
                0x0000513c                xTraceTimestampSetPeriod

.text.xTraceTimestampSetOsTickCount
                0x00005168       0x2c
 .text.xTraceTimestampSetOsTickCount
                0x00005168       0x2c ./output/trcTimestamp.o
                0x00005168                xTraceTimestampSetOsTickCount

.text.xTraceTimestampGetFrequency
                0x00005194       0x34
 .text.xTraceTimestampGetFrequency
                0x00005194       0x34 ./output/trcTimestamp.o
                0x00005194                xTraceTimestampGetFrequency

.text.xTraceTimestampGetPeriod
                0x000051c8       0x34
 .text.xTraceTimestampGetPeriod
                0x000051c8       0x34 ./output/trcTimestamp.o
                0x000051c8                xTraceTimestampGetPeriod

.text.__sflush_r
                0x000051fc       0xfc
 .text.__sflush_r
                0x000051fc       0xfc /Applications/ArmGNUToolchain/14.2.rel1/arm-none-eabi/arm-none-eabi/lib/thumb/v7-m/nofp/libg_nano.a(libc_a-fflush.o)
                0x000051fc                __sflush_r

.text._fflush_r
                0x000052f8       0x50
 .text._fflush_r
                0x000052f8       0x50 /Applications/ArmGNUToolchain/14.2.rel1/arm-none-eabi/arm-none-eabi/lib/thumb/v7-m/nofp/libg_nano.a(libc_a-fflush.o)
                0x000052f8                _fflush_r

.text.fflush    0x00005348       0x28
 .text.fflush   0x00005348       0x28 /Applications/ArmGNUToolchain/14.2.rel1/arm-none-eabi/arm-none-eabi/lib/thumb/v7-m/nofp/libg_nano.a(libc_a-fflush.o)
                0x00005348                fflush

.text.std       0x00005370       0x6c
 .text.std      0x00005370       0x6c /Applications/ArmGNUToolchain/14.2.rel1/arm-none-eabi/arm-none-eabi/lib/thumb/v7-m/nofp/libg_nano.a(libc_a-findfp.o)

.text.stdio_exit_handler
                0x000053dc       0x18
 .text.stdio_exit_handler
                0x000053dc       0x18 /Applications/ArmGNUToolchain/14.2.rel1/arm-none-eabi/arm-none-eabi/lib/thumb/v7-m/nofp/libg_nano.a(libc_a-findfp.o)

.text.cleanup_stdio
                0x000053f4       0x40
 .text.cleanup_stdio
                0x000053f4       0x40 /Applications/ArmGNUToolchain/14.2.rel1/arm-none-eabi/arm-none-eabi/lib/thumb/v7-m/nofp/libg_nano.a(libc_a-findfp.o)

.text.global_stdio_init.part.0
                0x00005434       0x40
 .text.global_stdio_init.part.0
                0x00005434       0x40 /Applications/ArmGNUToolchain/14.2.rel1/arm-none-eabi/arm-none-eabi/lib/thumb/v7-m/nofp/libg_nano.a(libc_a-findfp.o)

.text.__sfp_lock_acquire
                0x00005474        0xc
 .text.__sfp_lock_acquire
                0x00005474        0xc /Applications/ArmGNUToolchain/14.2.rel1/arm-none-eabi/arm-none-eabi/lib/thumb/v7-m/nofp/libg_nano.a(libc_a-findfp.o)
                0x00005474                __sfp_lock_acquire

.text.__sfp_lock_release
                0x00005480        0xc
 .text.__sfp_lock_release
                0x00005480        0xc /Applications/ArmGNUToolchain/14.2.rel1/arm-none-eabi/arm-none-eabi/lib/thumb/v7-m/nofp/libg_nano.a(libc_a-findfp.o)
                0x00005480                __sfp_lock_release

.text.__sinit   0x0000548c       0x30
 .text.__sinit  0x0000548c       0x30 /Applications/ArmGNUToolchain/14.2.rel1/arm-none-eabi/arm-none-eabi/lib/thumb/v7-m/nofp/libg_nano.a(libc_a-findfp.o)
                0x0000548c                __sinit

.text._fwalk_sglue
                0x000054bc       0x3c
 .text._fwalk_sglue
                0x000054bc       0x3c /Applications/ArmGNUToolchain/14.2.rel1/arm-none-eabi/arm-none-eabi/lib/thumb/v7-m/nofp/libg_nano.a(libc_a-fwalk.o)
                0x000054bc                _fwalk_sglue

.text.memset    0x000054f8       0x10
 .text.memset   0x000054f8       0x10 /Applications/ArmGNUToolchain/14.2.rel1/arm-none-eabi/arm-none-eabi/lib/thumb/v7-m/nofp/libg_nano.a(libc_a-memset.o)
                0x000054f8                memset

.text.__retarget_lock_init_recursive
                0x00005508        0x2
 .text.__retarget_lock_init_recursive
                0x00005508        0x2 /Applications/ArmGNUToolchain/14.2.rel1/arm-none-eabi/arm-none-eabi/lib/thumb/v7-m/nofp/libg_nano.a(libc_a-lock.o)
                0x00005508                __retarget_lock_init_recursive

.text.__retarget_lock_acquire_recursive
                0x0000550a        0x2
 .text.__retarget_lock_acquire_recursive
                0x0000550a        0x2 /Applications/ArmGNUToolchain/14.2.rel1/arm-none-eabi/arm-none-eabi/lib/thumb/v7-m/nofp/libg_nano.a(libc_a-lock.o)
                0x0000550a                __retarget_lock_acquire_recursive

.text.__retarget_lock_release_recursive
                0x0000550c        0x2
 .text.__retarget_lock_release_recursive
                0x0000550c        0x2 /Applications/ArmGNUToolchain/14.2.rel1/arm-none-eabi/arm-none-eabi/lib/thumb/v7-m/nofp/libg_nano.a(libc_a-lock.o)
                0x0000550c                __retarget_lock_release_recursive

.text.memcpy    0x0000550e       0x1c
 .text.memcpy   0x0000550e       0x1c /Applications/ArmGNUToolchain/14.2.rel1/arm-none-eabi/arm-none-eabi/lib/thumb/v7-m/nofp/libg_nano.a(libc_a-memcpy-stub.o)
                0x0000550e                memcpy

.text._free_r   0x0000552c       0x90
 .text._free_r  0x0000552c       0x90 /Applications/ArmGNUToolchain/14.2.rel1/arm-none-eabi/arm-none-eabi/lib/thumb/v7-m/nofp/libg_nano.a(libc_a-freer.o)
                0x0000552c                _free_r

.text.__malloc_lock
                0x000055bc        0xc
 .text.__malloc_lock
                0x000055bc        0xc /Applications/ArmGNUToolchain/14.2.rel1/arm-none-eabi/arm-none-eabi/lib/thumb/v7-m/nofp/libg_nano.a(libc_a-mlock.o)
                0x000055bc                __malloc_lock

.text.__malloc_unlock
                0x000055c8        0xc
 .text.__malloc_unlock
                0x000055c8        0xc /Applications/ArmGNUToolchain/14.2.rel1/arm-none-eabi/arm-none-eabi/lib/thumb/v7-m/nofp/libg_nano.a(libc_a-mlock.o)
                0x000055c8                __malloc_unlock

.text.__sread   0x000055d4       0x22
 .text.__sread  0x000055d4       0x22 /Applications/ArmGNUToolchain/14.2.rel1/arm-none-eabi/arm-none-eabi/lib/thumb/v7-m/nofp/libg_nano.a(libc_a-stdio.o)
                0x000055d4                __sread

.text.__swrite  0x000055f6       0x38
 .text.__swrite
                0x000055f6       0x38 /Applications/ArmGNUToolchain/14.2.rel1/arm-none-eabi/arm-none-eabi/lib/thumb/v7-m/nofp/libg_nano.a(libc_a-stdio.o)
                0x000055f6                __swrite

.text.__sseek   0x0000562e       0x26
 .text.__sseek  0x0000562e       0x26 /Applications/ArmGNUToolchain/14.2.rel1/arm-none-eabi/arm-none-eabi/lib/thumb/v7-m/nofp/libg_nano.a(libc_a-stdio.o)
                0x0000562e                __sseek

.text.__sclose  0x00005654        0x8
 .text.__sclose
                0x00005654        0x8 /Applications/ArmGNUToolchain/14.2.rel1/arm-none-eabi/arm-none-eabi/lib/thumb/v7-m/nofp/libg_nano.a(libc_a-stdio.o)
                0x00005654                __sclose

.text._lseek_r  0x0000565c       0x24
 .text._lseek_r
                0x0000565c       0x24 /Applications/ArmGNUToolchain/14.2.rel1/arm-none-eabi/arm-none-eabi/lib/thumb/v7-m/nofp/libg_nano.a(libc_a-lseekr.o)
                0x0000565c                _lseek_r

.text._read_r   0x00005680       0x24
 .text._read_r  0x00005680       0x24 /Applications/ArmGNUToolchain/14.2.rel1/arm-none-eabi/arm-none-eabi/lib/thumb/v7-m/nofp/libg_nano.a(libc_a-readr.o)
                0x00005680                _read_r

.text._write_r  0x000056a4       0x24
 .text._write_r
                0x000056a4       0x24 /Applications/ArmGNUToolchain/14.2.rel1/arm-none-eabi/arm-none-eabi/lib/thumb/v7-m/nofp/libg_nano.a(libc_a-writer.o)
                0x000056a4                _write_r

.text._close_r  0x000056c8       0x20
 .text._close_r
                0x000056c8       0x20 /Applications/ArmGNUToolchain/14.2.rel1/arm-none-eabi/arm-none-eabi/lib/thumb/v7-m/nofp/libg_nano.a(libc_a-closer.o)
                0x000056c8                _close_r

.text._close    0x000056e8       0x10
 .text._close   0x000056e8       0x10 /Applications/ArmGNUToolchain/14.2.rel1/arm-none-eabi/arm-none-eabi/lib/thumb/v7-m/nofp/libnosys.a(close.o)
                0x000056e8                _close

.text._lseek    0x000056f8       0x10
 .text._lseek   0x000056f8       0x10 /Applications/ArmGNUToolchain/14.2.rel1/arm-none-eabi/arm-none-eabi/lib/thumb/v7-m/nofp/libnosys.a(lseek.o)
                0x000056f8                _lseek

.text._read     0x00005708       0x10
 .text._read    0x00005708       0x10 /Applications/ArmGNUToolchain/14.2.rel1/arm-none-eabi/arm-none-eabi/lib/thumb/v7-m/nofp/libnosys.a(read.o)
                0x00005708                _read

.text._write    0x00005718       0x10
 .text._write   0x00005718       0x10 /Applications/ArmGNUToolchain/14.2.rel1/arm-none-eabi/arm-none-eabi/lib/thumb/v7-m/nofp/libnosys.a(write.o)
                0x00005718                _write

.rel.dyn        0x00005728        0x0
 .rel.iplt      0x00005728        0x0 ./output/tasks.o

.data           0x20000000        0x0
                0x20000000                        . = ALIGN (0x8)
                0x20000000                        _data = .
                0x20000000                        _sdata = .
 *(vtable)
 *(.data)
                0x20000000                        _edata = .

.igot.plt       0x20000000        0x0
 .igot.plt      0x20000000        0x0 ./output/tasks.o

.data.uxCriticalNesting
                0x20000000        0x4
 .data.uxCriticalNesting
                0x20000000        0x4 ./output/port.o

.data.xErrorStatus
                0x20000004        0x4
 .data.xErrorStatus
                0x20000004        0x4 ./output/IntQueue.o

.data.__sglue   0x20000008        0xc
 .data.__sglue  0x20000008        0xc /Applications/ArmGNUToolchain/14.2.rel1/arm-none-eabi/arm-none-eabi/lib/thumb/v7-m/nofp/libg_nano.a(libc_a-findfp.o)
                0x20000008                __sglue

.data._impure_ptr
                0x20000014        0x4
 .data._impure_ptr
                0x20000014        0x4 /Applications/ArmGNUToolchain/14.2.rel1/arm-none-eabi/arm-none-eabi/lib/thumb/v7-m/nofp/libg_nano.a(libc_a-impure.o)
                0x20000014                _impure_ptr

.data._impure_data
                0x20000018       0x4c
 .data._impure_data
                0x20000018       0x4c /Applications/ArmGNUToolchain/14.2.rel1/arm-none-eabi/arm-none-eabi/lib/thumb/v7-m/nofp/libg_nano.a(libc_a-impure.o)
                0x20000018                _impure_data

.bss            0x20000064        0x4
                0x20000068                        . = ALIGN (0x8)
 *fill*         0x20000064        0x4 
                0x20000068                        _bss = .
                0x20000068                        _sbss = .
 *(.bss)
                0x20000068                        _ebss = .

.bss.uxSchedulerSuspended
                0x20000068        0x4
 .bss.uxSchedulerSuspended
                0x20000068        0x4 ./output/tasks.o

.bss.xIdleTaskHandles
                0x2000006c        0x4
 .bss.xIdleTaskHandles
                0x2000006c        0x4 ./output/tasks.o

.bss.xNextTaskUnblockTime
                0x20000070        0x4
 .bss.xNextTaskUnblockTime
                0x20000070        0x4 ./output/tasks.o

.bss.uxTaskNumber
                0x20000074        0x4
 .bss.uxTaskNumber
                0x20000074        0x4 ./output/tasks.o

.bss.xNumOfOverflows
                0x20000078        0x4
 .bss.xNumOfOverflows
                0x20000078        0x4 ./output/tasks.o

.bss.xYieldPendings
                0x2000007c        0x4
 .bss.xYieldPendings
                0x2000007c        0x4 ./output/tasks.o

.bss.xPendedTicks
                0x20000080        0x4
 .bss.xPendedTicks
                0x20000080        0x4 ./output/tasks.o

.bss.xSchedulerRunning
                0x20000084        0x4
 .bss.xSchedulerRunning
                0x20000084        0x4 ./output/tasks.o

.bss.uxTopReadyPriority
                0x20000088        0x4
 .bss.uxTopReadyPriority
                0x20000088        0x4 ./output/tasks.o

.bss.xTickCount
                0x2000008c        0x4
 .bss.xTickCount
                0x2000008c        0x4 ./output/tasks.o

.bss.uxCurrentNumberOfTasks
                0x20000090        0x4
 .bss.uxCurrentNumberOfTasks
                0x20000090        0x4 ./output/tasks.o

.bss.xSuspendedTaskList
                0x20000094       0x14
 .bss.xSuspendedTaskList
                0x20000094       0x14 ./output/tasks.o

.bss.uxDeletedTasksWaitingCleanUp
                0x200000a8        0x4
 .bss.uxDeletedTasksWaitingCleanUp
                0x200000a8        0x4 ./output/tasks.o

.bss.xTasksWaitingTermination
                0x200000ac       0x14
 .bss.xTasksWaitingTermination
                0x200000ac       0x14 ./output/tasks.o

.bss.xPendingReadyList
                0x200000c0       0x14
 .bss.xPendingReadyList
                0x200000c0       0x14 ./output/tasks.o

.bss.pxOverflowDelayedTaskList
                0x200000d4        0x4
 .bss.pxOverflowDelayedTaskList
                0x200000d4        0x4 ./output/tasks.o

.bss.pxDelayedTaskList
                0x200000d8        0x4
 .bss.pxDelayedTaskList
                0x200000d8        0x4 ./output/tasks.o

.bss.xDelayedTaskList2
                0x200000dc       0x14
 .bss.xDelayedTaskList2
                0x200000dc       0x14 ./output/tasks.o

.bss.xDelayedTaskList1
                0x200000f0       0x14
 .bss.xDelayedTaskList1
                0x200000f0       0x14 ./output/tasks.o

.bss.pxReadyTasksLists
                0x20000104       0xb4
 .bss.pxReadyTasksLists
                0x20000104       0xb4 ./output/tasks.o

.bss.pxCurrentTCB
                0x200001b8        0x4
 .bss.pxCurrentTCB
                0x200001b8        0x4 ./output/tasks.o
                0x200001b8                pxCurrentTCB

.bss.xQueueRegistry
                0x200001bc       0x50
 .bss.xQueueRegistry
                0x200001bc       0x50 ./output/queue.o
                0x200001bc                xQueueRegistry

.bss.xStaticTimerQueue.0
                0x2000020c       0x54
 .bss.xStaticTimerQueue.0
                0x2000020c       0x54 ./output/timers.o

.bss.ucStaticTimerQueueStorage.1
                0x20000260      0x140
 .bss.ucStaticTimerQueueStorage.1
                0x20000260      0x140 ./output/timers.o

.bss.xLastTime.2
                0x200003a0        0x4
 .bss.xLastTime.2
                0x200003a0        0x4 ./output/timers.o

.bss.xTimerTaskHandle
                0x200003a4        0x4
 .bss.xTimerTaskHandle
                0x200003a4        0x4 ./output/timers.o

.bss.xTimerQueue
                0x200003a8        0x4
 .bss.xTimerQueue
                0x200003a8        0x4 ./output/timers.o

.bss.pxOverflowTimerList
                0x200003ac        0x4
 .bss.pxOverflowTimerList
                0x200003ac        0x4 ./output/timers.o

.bss.pxCurrentTimerList
                0x200003b0        0x4
 .bss.pxCurrentTimerList
                0x200003b0        0x4 ./output/timers.o

.bss.xActiveTimerList2
                0x200003b4       0x14
 .bss.xActiveTimerList2
                0x200003b4       0x14 ./output/timers.o

.bss.xActiveTimerList1
                0x200003c8       0x14
 .bss.xActiveTimerList1
                0x200003c8       0x14 ./output/timers.o

.bss.xNumberOfSuccessfulFrees
                0x200003dc        0x4
 .bss.xNumberOfSuccessfulFrees
                0x200003dc        0x4 ./output/heap_4.o

.bss.xNumberOfSuccessfulAllocations
                0x200003e0        0x4
 .bss.xNumberOfSuccessfulAllocations
                0x200003e0        0x4 ./output/heap_4.o

.bss.xMinimumEverFreeBytesRemaining
                0x200003e4        0x4
 .bss.xMinimumEverFreeBytesRemaining
                0x200003e4        0x4 ./output/heap_4.o

.bss.xFreeBytesRemaining
                0x200003e8        0x4
 .bss.xFreeBytesRemaining
                0x200003e8        0x4 ./output/heap_4.o

.bss.pxEnd      0x200003ec        0x4
 .bss.pxEnd     0x200003ec        0x4 ./output/heap_4.o

.bss.xStart     0x200003f0        0x8
 .bss.xStart    0x200003f0        0x8 ./output/heap_4.o

.bss.ucHeap     0x200003f8     0xf000
 .bss.ucHeap    0x200003f8     0xf000 ./output/heap_4.o

.bss.ulMaxPRIGROUPValue
                0x2000f3f8        0x4
 .bss.ulMaxPRIGROUPValue
                0x2000f3f8        0x4 ./output/port.o

.bss.ucMaxSysCallPriority
                0x2000f3fc        0x1
 .bss.ucMaxSysCallPriority
                0x2000f3fc        0x1 ./output/port.o

.bss.uxNextOperation.4
                0x2000f400        0x4
 .bss.uxNextOperation.4
                0x2000f400        0x4 ./output/IntQueue.o

.bss.uxNextOperation.5
                0x2000f404        0x4
 .bss.uxNextOperation.5
                0x2000f404        0x4 ./output/IntQueue.o

.bss.ucNormallyFullReceivedValues
                0x2000f408       0xc8
 .bss.ucNormallyFullReceivedValues
                0x2000f408       0xc8 ./output/IntQueue.o

.bss.ucNormallyEmptyReceivedValues
                0x2000f4d0       0xc8
 .bss.ucNormallyEmptyReceivedValues
                0x2000f4d0       0xc8 ./output/IntQueue.o

.bss.uxValueForNormallyFullQueue
                0x2000f598        0x4
 .bss.uxValueForNormallyFullQueue
                0x2000f598        0x4 ./output/IntQueue.o

.bss.uxValueForNormallyEmptyQueue
                0x2000f59c        0x4
 .bss.uxValueForNormallyEmptyQueue
                0x2000f59c        0x4 ./output/IntQueue.o

.bss.xErrorLine
                0x2000f5a0        0x4
 .bss.xErrorLine
                0x2000f5a0        0x4 ./output/IntQueue.o

.bss.xNormallyFullQueue
                0x2000f5a4        0x4
 .bss.xNormallyFullQueue
                0x2000f5a4        0x4 ./output/IntQueue.o

.bss.xNormallyEmptyQueue
                0x2000f5a8        0x4
 .bss.xNormallyEmptyQueue
                0x2000f5a8        0x4 ./output/IntQueue.o

.bss.ulNestCount
                0x2000f5ac        0x4
 .bss.ulNestCount
                0x2000f5ac        0x4 ./output/IntQueueTimer.o
                0x2000f5ac                ulNestCount

.bss.ulNest     0x2000f5b0        0x4
 .bss.ulNest    0x2000f5b0        0x4 ./output/IntQueueTimer.o
                0x2000f5b0                ulNest

.bss.uxTimerTaskStack.0
                0x2000f5b4      0x2c0
 .bss.uxTimerTaskStack.0
                0x2000f5b4      0x2c0 ./output/main.o

.bss.xTimerTaskTCB.1
                0x2000f874       0x64
 .bss.xTimerTaskTCB.1
                0x2000f874       0x64 ./output/main.o

.bss.uxIdleTaskStack.2
                0x2000f8d8      0x160
 .bss.uxIdleTaskStack.2
                0x2000f8d8      0x160 ./output/main.o

.bss.xIdleTaskTCB.3
                0x2000fa38       0x64
 .bss.xIdleTaskTCB.3
                0x2000fa38       0x64 ./output/main.o

.bss.xQueue     0x2000fa9c        0x4
 .bss.xQueue    0x2000fa9c        0x4 ./output/main_blinky.o

.bss.psr        0x2000faa0        0x4
 .bss.psr       0x2000faa0        0x4 ./output/startup_gcc.o
                0x2000faa0                psr

.bss.pc         0x2000faa4        0x4
 .bss.pc        0x2000faa4        0x4 ./output/startup_gcc.o
                0x2000faa4                pc

.bss.lr         0x2000faa8        0x4
 .bss.lr        0x2000faa8        0x4 ./output/startup_gcc.o
                0x2000faa8                lr

.bss.r12        0x2000faac        0x4
 .bss.r12       0x2000faac        0x4 ./output/startup_gcc.o
                0x2000faac                r12

.bss.r3         0x2000fab0        0x4
 .bss.r3        0x2000fab0        0x4 ./output/startup_gcc.o
                0x2000fab0                r3

.bss.r2         0x2000fab4        0x4
 .bss.r2        0x2000fab4        0x4 ./output/startup_gcc.o
                0x2000fab4                r2

.bss.r1         0x2000fab8        0x4
 .bss.r1        0x2000fab8        0x4 ./output/startup_gcc.o
                0x2000fab8                r1

.bss.r0         0x2000fabc        0x4
 .bss.r0        0x2000fabc        0x4 ./output/startup_gcc.o
                0x2000fabc                r0

.bss.pxKernelPortData
                0x2000fac0        0x4
 .bss.pxKernelPortData
                0x2000fac0        0x4 ./output/trcKernelPort.o

.bss.tcbTzCtrl  0x2000fac4       0x64
 .bss.tcbTzCtrl
                0x2000fac4       0x64 ./output/trcKernelPort.o

.bss.stackTzCtrl
                0x2000fb28      0x400
 .bss.stackTzCtrl
                0x2000fb28      0x400 ./output/trcKernelPort.o

.bss.pxStreamPortData
                0x2000ff28        0x4
 .bss.pxStreamPortData
                0x2000ff28        0x4 ./output/trcStreamPort.o
                0x2000ff28                pxStreamPortData

.bss.RecorderDataPtr
                0x2000ff2c        0x4
 .bss.RecorderDataPtr
                0x2000ff2c        0x4 ./output/trcStreamPort.o
                0x2000ff2c                RecorderDataPtr

.bss.uxRecursionGuard.0
                0x2000ff30        0x4
 .bss.uxRecursionGuard.0
                0x2000ff30        0x4 ./output/trcAssert.o

.bss.pxAssertData
                0x2000ff34        0x4
 .bss.pxAssertData
                0x2000ff34        0x4 ./output/trcAssert.o

.bss.pxCounterData
                0x2000ff38        0x4
 .bss.pxCounterData
                0x2000ff38        0x4 ./output/trcCounter.o

.bss.pxDiagnostics
                0x2000ff3c        0x4
 .bss.pxDiagnostics
                0x2000ff3c        0x4 ./output/trcDiagnostics.o

.bss.pxIndexTable
                0x2000ff40        0x4
 .bss.pxIndexTable
                0x2000ff40        0x4 ./output/trcEntryTable.o

.bss.pxEntryTable
                0x2000ff44        0x4
 .bss.pxEntryTable
                0x2000ff44        0x4 ./output/trcEntryTable.o

.bss.pxErrorInfo
                0x2000ff48        0x4
 .bss.pxErrorInfo
                0x2000ff48        0x4 ./output/trcError.o

.bss.pxTraceEventDataTable
                0x2000ff4c        0x4
 .bss.pxTraceEventDataTable
                0x2000ff4c        0x4 ./output/trcEvent.o
                0x2000ff4c                pxTraceEventDataTable

.bss.pxExtensionData
                0x2000ff50        0x4
 .bss.pxExtensionData
                0x2000ff50        0x4 ./output/trcExtension.o

.bss.pxTraceISRData
                0x2000ff54        0x4
 .bss.pxTraceISRData
                0x2000ff54        0x4 ./output/trcISR.o
                0x2000ff54                pxTraceISRData

.bss.pxPrintData
                0x2000ff58        0x4
 .bss.pxPrintData
                0x2000ff58        0x4 ./output/trcPrint.o

.bss.pxTraceStaticBufferTable
                0x2000ff5c        0x4
 .bss.pxTraceStaticBufferTable
                0x2000ff5c        0x4 ./output/trcStaticBuffer.o
                0x2000ff5c                pxTraceStaticBufferTable

.bss.RecorderInitialized
                0x2000ff60        0x4
 .bss.RecorderInitialized
                0x2000ff60        0x4 ./output/trcStreamingRecorder.o
                0x2000ff60                RecorderInitialized

.bss.pxTraceRecorderData
                0x2000ff64        0x4
 .bss.pxTraceRecorderData
                0x2000ff64        0x4 ./output/trcStreamingRecorder.o
                0x2000ff64                pxTraceRecorderData

.bss.xRecorderData
                0x2000ff68     0x35f4
 .bss.xRecorderData
                0x2000ff68     0x35f4 ./output/trcStreamingRecorder.o

.bss.pxTraceTaskData
                0x2001355c        0x4
 .bss.pxTraceTaskData
                0x2001355c        0x4 ./output/trcTask.o
                0x2001355c                pxTraceTaskData

.bss.pxTraceTimestamp
                0x20013560        0x4
 .bss.pxTraceTimestamp
                0x20013560        0x4 ./output/trcTimestamp.o
                0x20013560                pxTraceTimestamp

.bss.__sf       0x20013564      0x138
 .bss.__sf      0x20013564      0x138 /Applications/ArmGNUToolchain/14.2.rel1/arm-none-eabi/arm-none-eabi/lib/thumb/v7-m/nofp/libg_nano.a(libc_a-findfp.o)
                0x20013564                __sf

.bss.__stdio_exit_handler
                0x2001369c        0x4
 .bss.__stdio_exit_handler
                0x2001369c        0x4 /Applications/ArmGNUToolchain/14.2.rel1/arm-none-eabi/arm-none-eabi/lib/thumb/v7-m/nofp/libg_nano.a(libc_a-findfp.o)
                0x2001369c                __stdio_exit_handler

.bss.__lock___malloc_recursive_mutex
                0x200136a0        0x1
 .bss.__lock___malloc_recursive_mutex
                0x200136a0        0x1 /Applications/ArmGNUToolchain/14.2.rel1/arm-none-eabi/arm-none-eabi/lib/thumb/v7-m/nofp/libg_nano.a(libc_a-lock.o)
                0x200136a0                __lock___malloc_recursive_mutex

.bss.__lock___sfp_recursive_mutex
                0x200136a1        0x1
 .bss.__lock___sfp_recursive_mutex
                0x200136a1        0x1 /Applications/ArmGNUToolchain/14.2.rel1/arm-none-eabi/arm-none-eabi/lib/thumb/v7-m/nofp/libg_nano.a(libc_a-lock.o)
                0x200136a1                __lock___sfp_recursive_mutex

.bss.__malloc_free_list
                0x200136a4        0x4
 .bss.__malloc_free_list
                0x200136a4        0x4 /Applications/ArmGNUToolchain/14.2.rel1/arm-none-eabi/arm-none-eabi/lib/thumb/v7-m/nofp/libg_nano.a(libc_a-mallocr.o)
                0x200136a4                __malloc_free_list

.bss.errno      0x200136a8        0x4
 .bss.errno     0x200136a8        0x4 /Applications/ArmGNUToolchain/14.2.rel1/arm-none-eabi/arm-none-eabi/lib/thumb/v7-m/nofp/libg_nano.a(libc_a-reent.o)
                0x200136a8                errno

.heap           0x200136ac      0x40c
                0x200136b0                        . = ALIGN (0x8)
 *fill*         0x200136ac        0x4 
                0x200136b0                        PROVIDE (end = .)
                [!provide]                        PROVIDE (_end = .)
                0x200136b0                        _heap_bottom = .
                0x200136b8                        . = (. + _Min_Heap_Size)
 *fill*         0x200136b0        0x8 
                0x200136b8                        _heap_top = .
                0x20013ab8                        . = (. + _Min_Stack_Size)
 *fill*         0x200136b8      0x400 
                0x20013ab8                        . = ALIGN (0x8)
                0x20400000                        __StackTop = (ORIGIN (RAM) + LENGTH (RAM))
                0x203ffc00                        __StackLimit = (__StackTop - _Min_Stack_Size)
                [!provide]                        PROVIDE (__stack = __StackTop)
                0x00000001                        ASSERT ((__StackLimit >= _heap_top), region RAM overflowed with stack)
OUTPUT(./output/RTOSDemo.out elf32-littlearm)
LOAD linker stubs

.debug_info     0x00000000    0x1935c
 .debug_info    0x00000000     0x47c1 ./output/tasks.o
 .debug_info    0x000047c1      0x2be ./output/list.o
 .debug_info    0x00004a7f     0x32d9 ./output/queue.o
 .debug_info    0x00007d58     0x1e85 ./output/timers.o
 .debug_info    0x00009bdd      0xd7a ./output/heap_4.o
 .debug_info    0x0000a957      0x5b4 ./output/port.o
 .debug_info    0x0000af0b     0x1613 ./output/IntQueue.o
 .debug_info    0x0000c51e      0x6a0 ./output/IntQueueTimer.o
 .debug_info    0x0000cbbe      0x6a5 ./output/main.o
 .debug_info    0x0000d263      0x681 ./output/main_blinky.o
 .debug_info    0x0000d8e4      0x8e3 ./output/startup_gcc.o
 .debug_info    0x0000e1c7      0x645 ./output/printf-stdarg.o
 .debug_info    0x0000e80c      0x658 ./output/trcKernelPort.o
 .debug_info    0x0000ee64      0x629 ./output/trcStreamPort.o
 .debug_info    0x0000f48d      0x3d3 ./output/trcAssert.o
 .debug_info    0x0000f860      0x4e4 ./output/trcCounter.o
 .debug_info    0x0000fd44      0x487 ./output/trcDiagnostics.o
 .debug_info    0x000101cb      0xc2e ./output/trcEntryTable.o
 .debug_info    0x00010df9      0x425 ./output/trcError.o
 .debug_info    0x0001121e     0x25e4 ./output/trcEvent.o
 .debug_info    0x00013802      0x849 ./output/trcEventBuffer.o
 .debug_info    0x0001404b      0x462 ./output/trcExtension.o
 .debug_info    0x000144ad      0x453 ./output/trcHeap.o
 .debug_info    0x00014900      0x80a ./output/trcISR.o
 .debug_info    0x0001510a      0x71d ./output/trcMultiCoreEventBuffer.o
 .debug_info    0x00015827      0xf3c ./output/trcObject.o
 .debug_info    0x00016763      0x931 ./output/trcPrint.o
 .debug_info    0x00017094      0x25e ./output/trcStaticBuffer.o
 .debug_info    0x000172f2      0xfe8 ./output/trcStreamingRecorder.o
 .debug_info    0x000182da      0x2b0 ./output/trcString.o
 .debug_info    0x0001858a      0xa06 ./output/trcTask.o
 .debug_info    0x00018f90      0x3cc ./output/trcTimestamp.o

.debug_abbrev   0x00000000     0x4b4b
 .debug_abbrev  0x00000000      0x518 ./output/tasks.o
 .debug_abbrev  0x00000518      0x105 ./output/list.o
 .debug_abbrev  0x0000061d      0x453 ./output/queue.o
 .debug_abbrev  0x00000a70      0x477 ./output/timers.o
 .debug_abbrev  0x00000ee7      0x35f ./output/heap_4.o
 .debug_abbrev  0x00001246      0x2c6 ./output/port.o
 .debug_abbrev  0x0000150c      0x322 ./output/IntQueue.o
 .debug_abbrev  0x0000182e      0x22d ./output/IntQueueTimer.o
 .debug_abbrev  0x00001a5b      0x2c6 ./output/main.o
 .debug_abbrev  0x00001d21      0x19a ./output/main_blinky.o
 .debug_abbrev  0x00001ebb      0x29c ./output/startup_gcc.o
 .debug_abbrev  0x00002157      0x24c ./output/printf-stdarg.o
 .debug_abbrev  0x000023a3      0x252 ./output/trcKernelPort.o
 .debug_abbrev  0x000025f5      0x197 ./output/trcStreamPort.o
 .debug_abbrev  0x0000278c      0x19f ./output/trcAssert.o
 .debug_abbrev  0x0000292b      0x173 ./output/trcCounter.o
 .debug_abbrev  0x00002a9e      0x181 ./output/trcDiagnostics.o
 .debug_abbrev  0x00002c1f      0x2a5 ./output/trcEntryTable.o
 .debug_abbrev  0x00002ec4      0x1cc ./output/trcError.o
 .debug_abbrev  0x00003090      0x329 ./output/trcEvent.o
 .debug_abbrev  0x000033b9      0x254 ./output/trcEventBuffer.o
 .debug_abbrev  0x0000360d      0x171 ./output/trcExtension.o
 .debug_abbrev  0x0000377e      0x124 ./output/trcHeap.o
 .debug_abbrev  0x000038a2      0x24d ./output/trcISR.o
 .debug_abbrev  0x00003aef      0x178 ./output/trcMultiCoreEventBuffer.o
 .debug_abbrev  0x00003c67      0x2e2 ./output/trcObject.o
 .debug_abbrev  0x00003f49      0x25b ./output/trcPrint.o
 .debug_abbrev  0x000041a4      0x170 ./output/trcStaticBuffer.o
 .debug_abbrev  0x00004314      0x38c ./output/trcStreamingRecorder.o
 .debug_abbrev  0x000046a0      0x129 ./output/trcString.o
 .debug_abbrev  0x000047c9      0x261 ./output/trcTask.o
 .debug_abbrev  0x00004a2a      0x121 ./output/trcTimestamp.o

.debug_loclists
                0x00000000     0x9c32
 .debug_loclists
                0x00000000     0x1f35 ./output/tasks.o
 .debug_loclists
                0x00001f35       0x77 ./output/list.o
 .debug_loclists
                0x00001fac     0x18f8 ./output/queue.o
 .debug_loclists
                0x000038a4      0xdaf ./output/timers.o
 .debug_loclists
                0x00004653      0x3b5 ./output/heap_4.o
 .debug_loclists
                0x00004a08       0xaf ./output/port.o
 .debug_loclists
                0x00004ab7      0x36e ./output/IntQueue.o
 .debug_loclists
                0x00004e25       0x6c ./output/IntQueueTimer.o
 .debug_loclists
                0x00004e91      0x133 ./output/main.o
 .debug_loclists
                0x00004fc4       0x63 ./output/main_blinky.o
 .debug_loclists
                0x00005027       0x29 ./output/startup_gcc.o
 .debug_loclists
                0x00005050      0x6ad ./output/printf-stdarg.o
 .debug_loclists
                0x000056fd       0xaf ./output/trcKernelPort.o
 .debug_loclists
                0x000057ac       0x60 ./output/trcStreamPort.o
 .debug_loclists
                0x0000580c       0xde ./output/trcAssert.o
 .debug_loclists
                0x000058ea      0x1e0 ./output/trcCounter.o
 .debug_loclists
                0x00005aca      0x2eb ./output/trcDiagnostics.o
 .debug_loclists
                0x00005db5      0x838 ./output/trcEntryTable.o
 .debug_loclists
                0x000065ed      0x13c ./output/trcError.o
 .debug_loclists
                0x00006729      0xd91 ./output/trcEvent.o
 .debug_loclists
                0x000074ba      0x8a8 ./output/trcEventBuffer.o
 .debug_loclists
                0x00007d62      0x26c ./output/trcExtension.o
 .debug_loclists
                0x00007fce      0x174 ./output/trcHeap.o
 .debug_loclists
                0x00008142      0x30f ./output/trcISR.o
 .debug_loclists
                0x00008451      0x4ef ./output/trcMultiCoreEventBuffer.o
 .debug_loclists
                0x00008940      0x5dc ./output/trcObject.o
 .debug_loclists
                0x00008f1c      0x6d8 ./output/trcPrint.o
 .debug_loclists
                0x000095f4       0x5d ./output/trcStaticBuffer.o
 .debug_loclists
                0x00009651      0x1c5 ./output/trcStreamingRecorder.o
 .debug_loclists
                0x00009816       0xc4 ./output/trcString.o
 .debug_loclists
                0x000098da      0x18d ./output/trcTask.o
 .debug_loclists
                0x00009a67      0x1cb ./output/trcTimestamp.o

.debug_aranges  0x00000000      0xe18
 .debug_aranges
                0x00000000      0x248 ./output/tasks.o
 .debug_aranges
                0x00000248       0x40 ./output/list.o
 .debug_aranges
                0x00000288      0x198 ./output/queue.o
 .debug_aranges
                0x00000420       0xf0 ./output/timers.o
 .debug_aranges
                0x00000510       0x60 ./output/heap_4.o
 .debug_aranges
                0x00000570       0x78 ./output/port.o
 .debug_aranges
                0x000005e8       0x70 ./output/IntQueue.o
 .debug_aranges
                0x00000658       0x30 ./output/IntQueueTimer.o
 .debug_aranges
                0x00000688       0x70 ./output/main.o
 .debug_aranges
                0x000006f8       0x38 ./output/main_blinky.o
 .debug_aranges
                0x00000730       0x38 ./output/startup_gcc.o
 .debug_aranges
                0x00000768       0x58 ./output/printf-stdarg.o
 .debug_aranges
                0x000007c0       0x60 ./output/trcKernelPort.o
 .debug_aranges
                0x00000820       0x28 ./output/trcStreamPort.o
 .debug_aranges
                0x00000848       0x30 ./output/trcAssert.o
 .debug_aranges
                0x00000878       0x38 ./output/trcCounter.o
 .debug_aranges
                0x000008b0       0x60 ./output/trcDiagnostics.o
 .debug_aranges
                0x00000910       0xa8 ./output/trcEntryTable.o
 .debug_aranges
                0x000009b8       0x50 ./output/trcError.o
 .debug_aranges
                0x00000a08       0xa8 ./output/trcEvent.o
 .debug_aranges
                0x00000ab0       0x58 ./output/trcEventBuffer.o
 .debug_aranges
                0x00000b08       0x38 ./output/trcExtension.o
 .debug_aranges
                0x00000b40       0x30 ./output/trcHeap.o
 .debug_aranges
                0x00000b70       0x58 ./output/trcISR.o
 .debug_aranges
                0x00000bc8       0x50 ./output/trcMultiCoreEventBuffer.o
 .debug_aranges
                0x00000c18       0x70 ./output/trcObject.o
 .debug_aranges
                0x00000c88       0x50 ./output/trcPrint.o
 .debug_aranges
                0x00000cd8       0x28 ./output/trcStaticBuffer.o
 .debug_aranges
                0x00000d00       0x58 ./output/trcStreamingRecorder.o
 .debug_aranges
                0x00000d58       0x28 ./output/trcString.o
 .debug_aranges
                0x00000d80       0x38 ./output/trcTask.o
 .debug_aranges
                0x00000db8       0x60 ./output/trcTimestamp.o

.debug_rnglists
                0x00000000      0xe46
 .debug_rnglists
                0x00000000      0x365 ./output/tasks.o
 .debug_rnglists
                0x00000365       0x2b ./output/list.o
 .debug_rnglists
                0x00000390      0x20a ./output/queue.o
 .debug_rnglists
                0x0000059a      0x128 ./output/timers.o
 .debug_rnglists
                0x000006c2       0x6b ./output/heap_4.o
 .debug_rnglists
                0x0000072d       0x7c ./output/port.o
 .debug_rnglists
                0x000007a9       0x82 ./output/IntQueue.o
 .debug_rnglists
                0x0000082b       0x1f ./output/IntQueueTimer.o
 .debug_rnglists
                0x0000084a       0x4f ./output/main.o
 .debug_rnglists
                0x00000899       0x26 ./output/main_blinky.o
 .debug_rnglists
                0x000008bf       0x25 ./output/startup_gcc.o
 .debug_rnglists
                0x000008e4       0x4c ./output/printf-stdarg.o
 .debug_rnglists
                0x00000930       0x43 ./output/trcKernelPort.o
 .debug_rnglists
                0x00000973       0x1a ./output/trcStreamPort.o
 .debug_rnglists
                0x0000098d       0x20 ./output/trcAssert.o
 .debug_rnglists
                0x000009ad       0x26 ./output/trcCounter.o
 .debug_rnglists
                0x000009d3       0x43 ./output/trcDiagnostics.o
 .debug_rnglists
                0x00000a16       0x91 ./output/trcEntryTable.o
 .debug_rnglists
                0x00000aa7       0x38 ./output/trcError.o
 .debug_rnglists
                0x00000adf       0x88 ./output/trcEvent.o
 .debug_rnglists
                0x00000b67       0x71 ./output/trcEventBuffer.o
 .debug_rnglists
                0x00000bd8       0x26 ./output/trcExtension.o
 .debug_rnglists
                0x00000bfe       0x1f ./output/trcHeap.o
 .debug_rnglists
                0x00000c1d       0x53 ./output/trcISR.o
 .debug_rnglists
                0x00000c70       0x37 ./output/trcMultiCoreEventBuffer.o
 .debug_rnglists
                0x00000ca7       0x80 ./output/trcObject.o
 .debug_rnglists
                0x00000d27       0x45 ./output/trcPrint.o
 .debug_rnglists
                0x00000d6c       0x19 ./output/trcStaticBuffer.o
 .debug_rnglists
                0x00000d85       0x3f ./output/trcStreamingRecorder.o
 .debug_rnglists
                0x00000dc4       0x19 ./output/trcString.o
 .debug_rnglists
                0x00000ddd       0x25 ./output/trcTask.o
 .debug_rnglists
                0x00000e02       0x44 ./output/trcTimestamp.o

.debug_macro    0x00000000     0xd655
 .debug_macro   0x00000000      0x4c6 ./output/tasks.o
 .debug_macro   0x000004c6      0xac0 ./output/tasks.o
 .debug_macro   0x00000f86       0x24 ./output/tasks.o
 .debug_macro   0x00000faa       0x22 ./output/tasks.o
 .debug_macro   0x00000fcc       0x75 ./output/tasks.o
 .debug_macro   0x00001041       0x94 ./output/tasks.o
 .debug_macro   0x000010d5       0x3c ./output/tasks.o
 .debug_macro   0x00001111       0x34 ./output/tasks.o
 .debug_macro   0x00001145       0x16 ./output/tasks.o
 .debug_macro   0x0000115b      0x11c ./output/tasks.o
 .debug_macro   0x00001277       0x9b ./output/tasks.o
 .debug_macro   0x00001312       0x57 ./output/tasks.o
 .debug_macro   0x00001369      0x364 ./output/tasks.o
 .debug_macro   0x000016cd       0x16 ./output/tasks.o
 .debug_macro   0x000016e3       0x4a ./output/tasks.o
 .debug_macro   0x0000172d       0x34 ./output/tasks.o
 .debug_macro   0x00001761       0x10 ./output/tasks.o
 .debug_macro   0x00001771       0x58 ./output/tasks.o
 .debug_macro   0x000017c9      0x1e5 ./output/tasks.o
 .debug_macro   0x000019ae       0x16 ./output/tasks.o
 .debug_macro   0x000019c4       0x29 ./output/tasks.o
 .debug_macro   0x000019ed       0x16 ./output/tasks.o
 .debug_macro   0x00001a03       0x3c ./output/tasks.o
 .debug_macro   0x00001a3f      0x103 ./output/tasks.o
 .debug_macro   0x00001b42       0x6a ./output/tasks.o
 .debug_macro   0x00001bac      0x1df ./output/tasks.o
 .debug_macro   0x00001d8b       0x16 ./output/tasks.o
 .debug_macro   0x00001da1      0x15f ./output/tasks.o
 .debug_macro   0x00001f00       0x10 ./output/tasks.o
 .debug_macro   0x00001f10      0x31d ./output/tasks.o
 .debug_macro   0x0000222d       0x22 ./output/tasks.o
 .debug_macro   0x0000224f       0x1c ./output/tasks.o
 .debug_macro   0x0000226b       0x22 ./output/tasks.o
 .debug_macro   0x0000228d       0xd6 ./output/tasks.o
 .debug_macro   0x00002363      0xe2d ./output/tasks.o
 .debug_macro   0x00003190      0x11f ./output/tasks.o
 .debug_macro   0x000032af      0x7b3 ./output/tasks.o
 .debug_macro   0x00003a62      0x4a6 ./output/tasks.o
 .debug_macro   0x00003f08       0x8a ./output/tasks.o
 .debug_macro   0x00003f92       0x34 ./output/tasks.o
 .debug_macro   0x00003fc6       0x56 ./output/tasks.o
 .debug_macro   0x0000401c       0x10 ./output/tasks.o
 .debug_macro   0x0000402c       0x16 ./output/tasks.o
 .debug_macro   0x00004042       0x34 ./output/tasks.o
 .debug_macro   0x00004076      0x118 ./output/tasks.o
 .debug_macro   0x0000418e       0x48 ./output/tasks.o
 .debug_macro   0x000041d6      0x85a ./output/tasks.o
 .debug_macro   0x00004a30       0x16 ./output/tasks.o
 .debug_macro   0x00004a46       0x64 ./output/tasks.o
 .debug_macro   0x00004aaa       0x22 ./output/tasks.o
 .debug_macro   0x00004acc       0x52 ./output/tasks.o
 .debug_macro   0x00004b1e       0x1f ./output/tasks.o
 .debug_macro   0x00004b3d       0x67 ./output/tasks.o
 .debug_macro   0x00004ba4       0x24 ./output/tasks.o
 .debug_macro   0x00004bc8       0x58 ./output/tasks.o
 .debug_macro   0x00004c20       0x47 ./output/tasks.o
 .debug_macro   0x00004c67       0x22 ./output/tasks.o
 .debug_macro   0x00004c89       0x52 ./output/tasks.o
 .debug_macro   0x00004cdb       0x34 ./output/tasks.o
 .debug_macro   0x00004d0f       0x5f ./output/tasks.o
 .debug_macro   0x00004d6e       0x10 ./output/tasks.o
 .debug_macro   0x00004d7e       0x28 ./output/tasks.o
 .debug_macro   0x00004da6       0x28 ./output/tasks.o
 .debug_macro   0x00004dce       0x22 ./output/tasks.o
 .debug_macro   0x00004df0       0x3a ./output/tasks.o
 .debug_macro   0x00004e2a       0x16 ./output/tasks.o
 .debug_macro   0x00004e40       0x49 ./output/tasks.o
 .debug_macro   0x00004e89       0xb3 ./output/tasks.o
 .debug_macro   0x00004f3c       0x22 ./output/tasks.o
 .debug_macro   0x00004f5e      0x182 ./output/tasks.o
 .debug_macro   0x000050e0       0xe7 ./output/tasks.o
 .debug_macro   0x000051c7       0x3a ./output/tasks.o
 .debug_macro   0x00005201       0x1f ./output/tasks.o
 .debug_macro   0x00005220       0x12 ./output/tasks.o
 .debug_macro   0x00005232      0xe95 ./output/tasks.o
 .debug_macro   0x000060c7       0xc3 ./output/tasks.o
 .debug_macro   0x0000618a      0x14f ./output/tasks.o
 .debug_macro   0x000062d9       0x98 ./output/tasks.o
 .debug_macro   0x00006371       0x16 ./output/tasks.o
 .debug_macro   0x00006387      0x3a7 ./output/list.o
 .debug_macro   0x0000672e      0x439 ./output/queue.o
 .debug_macro   0x00006b67       0x8e ./output/queue.o
 .debug_macro   0x00006bf5      0x3f6 ./output/timers.o
 .debug_macro   0x00006feb       0x9e ./output/timers.o
 .debug_macro   0x00007089      0x437 ./output/heap_4.o
 .debug_macro   0x000074c0      0x3bf ./output/port.o
 .debug_macro   0x0000787f       0x8e ./output/port.o
 .debug_macro   0x0000790d       0x51 ./output/port.o
 .debug_macro   0x0000795e      0x430 ./output/IntQueue.o
 .debug_macro   0x00007d8e      0x2ff ./output/IntQueueTimer.o
 .debug_macro   0x0000808d      0x402 ./output/main.o
 .debug_macro   0x0000848f       0x7b ./output/main.o
 .debug_macro   0x0000850a      0x3fc ./output/main_blinky.o
 .debug_macro   0x00008906       0x94 ./output/main_blinky.o
 .debug_macro   0x0000899a      0x127 ./output/startup_gcc.o
 .debug_macro   0x00008ac1       0x3e ./output/printf-stdarg.o
 .debug_macro   0x00008aff      0x316 ./output/trcKernelPort.o
 .debug_macro   0x00008e15      0x2d7 ./output/trcStreamPort.o
 .debug_macro   0x000090ec      0xff3 ./output/trcStreamPort.o
 .debug_macro   0x0000a0df      0x2dd ./output/trcAssert.o
 .debug_macro   0x0000a3bc      0x2d7 ./output/trcCounter.o
 .debug_macro   0x0000a693      0x2d7 ./output/trcDiagnostics.o
 .debug_macro   0x0000a96a      0x3a9 ./output/trcEntryTable.o
 .debug_macro   0x0000ad13      0x2e3 ./output/trcError.o
 .debug_macro   0x0000aff6      0x40f ./output/trcEvent.o
 .debug_macro   0x0000b405      0x2d7 ./output/trcEventBuffer.o
 .debug_macro   0x0000b6dc      0x2e3 ./output/trcExtension.o
 .debug_macro   0x0000b9bf      0x2d7 ./output/trcHeap.o
 .debug_macro   0x0000bc96      0x2d7 ./output/trcISR.o
 .debug_macro   0x0000bf6d      0x2d7 ./output/trcMultiCoreEventBuffer.o
 .debug_macro   0x0000c244      0x2d7 ./output/trcObject.o
 .debug_macro   0x0000c51b      0x2d7 ./output/trcPrint.o
 .debug_macro   0x0000c7f2      0x2d7 ./output/trcStaticBuffer.o
 .debug_macro   0x0000cac9      0x2fb ./output/trcStreamingRecorder.o
 .debug_macro   0x0000cdc4      0x2d7 ./output/trcString.o
 .debug_macro   0x0000d09b      0x2e3 ./output/trcTask.o
 .debug_macro   0x0000d37e      0x2d7 ./output/trcTimestamp.o

.debug_line     0x00000000    0x1b977
 .debug_line    0x00000000     0x3b60 ./output/tasks.o
 .debug_line    0x00003b60      0x96b ./output/list.o
 .debug_line    0x000044cb     0x28e7 ./output/queue.o
 .debug_line    0x00006db2     0x152c ./output/timers.o
 .debug_line    0x000082de      0xd9c ./output/heap_4.o
 .debug_line    0x0000907a      0xab2 ./output/port.o
 .debug_line    0x00009b2c     0x13ab ./output/IntQueue.o
 .debug_line    0x0000aed7      0x8ba ./output/IntQueueTimer.o
 .debug_line    0x0000b791      0x9e8 ./output/main.o
 .debug_line    0x0000c179      0x8c6 ./output/main_blinky.o
 .debug_line    0x0000ca3f      0x316 ./output/startup_gcc.o
 .debug_line    0x0000cd55      0x548 ./output/printf-stdarg.o
 .debug_line    0x0000d29d      0x8b8 ./output/trcKernelPort.o
 .debug_line    0x0000db55      0x8a6 ./output/trcStreamPort.o
 .debug_line    0x0000e3fb      0x8f6 ./output/trcAssert.o
 .debug_line    0x0000ecf1      0x966 ./output/trcCounter.o
 .debug_line    0x0000f657      0xadb ./output/trcDiagnostics.o
 .debug_line    0x00010132     0x1211 ./output/trcEntryTable.o
 .debug_line    0x00011343      0xa09 ./output/trcError.o
 .debug_line    0x00011d4c     0x1b48 ./output/trcEvent.o
 .debug_line    0x00013894      0xf41 ./output/trcEventBuffer.o
 .debug_line    0x000147d5      0x94a ./output/trcExtension.o
 .debug_line    0x0001511f      0x891 ./output/trcHeap.o
 .debug_line    0x000159b0      0xc43 ./output/trcISR.o
 .debug_line    0x000165f3      0xa5e ./output/trcMultiCoreEventBuffer.o
 .debug_line    0x00017051      0xd50 ./output/trcObject.o
 .debug_line    0x00017da1      0xb8f ./output/trcPrint.o
 .debug_line    0x00018930      0x7f1 ./output/trcStaticBuffer.o
 .debug_line    0x00019121      0xc2a ./output/trcStreamingRecorder.o
 .debug_line    0x00019d4b      0x801 ./output/trcString.o
 .debug_line    0x0001a54c      0x93d ./output/trcTask.o
 .debug_line    0x0001ae89      0xaee ./output/trcTimestamp.o

.debug_str      0x00000000    0x33e9b
 .debug_str     0x00000000    0x33e9b ./output/tasks.o
                              0x2bcae (size before relaxing)
 .debug_str     0x00033e9b    0x27e96 ./output/list.o
 .debug_str     0x00033e9b    0x2acbb ./output/queue.o
 .debug_str     0x00033e9b    0x2afda ./output/timers.o
 .debug_str     0x00033e9b    0x2a04c ./output/heap_4.o
 .debug_str     0x00033e9b    0x26e96 ./output/port.o
 .debug_str     0x00033e9b    0x2a6a1 ./output/IntQueue.o
 .debug_str     0x00033e9b    0x249ef ./output/IntQueueTimer.o
 .debug_str     0x00033e9b    0x29cc6 ./output/main.o
 .debug_str     0x00033e9b    0x2accd ./output/main_blinky.o
 .debug_str     0x00033e9b     0x7675 ./output/startup_gcc.o
 .debug_str     0x00033e9b     0x30b6 ./output/printf-stdarg.o
 .debug_str     0x00033e9b    0x27af8 ./output/trcKernelPort.o
 .debug_str     0x00033e9b    0x25134 ./output/trcStreamPort.o
 .debug_str     0x00033e9b    0x24fbc ./output/trcAssert.o
 .debug_str     0x00033e9b    0x24f01 ./output/trcCounter.o
 .debug_str     0x00033e9b    0x24f57 ./output/trcDiagnostics.o
 .debug_str     0x00033e9b    0x27fbe ./output/trcEntryTable.o
 .debug_str     0x00033e9b    0x24f51 ./output/trcError.o
 .debug_str     0x00033e9b    0x290eb ./output/trcEvent.o
 .debug_str     0x00033e9b    0x24f5d ./output/trcEventBuffer.o
 .debug_str     0x00033e9b    0x2502a ./output/trcExtension.o
 .debug_str     0x00033e9b    0x24e0e ./output/trcHeap.o
 .debug_str     0x00033e9b    0x2501a ./output/trcISR.o
 .debug_str     0x00033e9b    0x2500b ./output/trcMultiCoreEventBuffer.o
 .debug_str     0x00033e9b    0x25080 ./output/trcObject.o
 .debug_str     0x00033e9b    0x24fbe ./output/trcPrint.o
 .debug_str     0x00033e9b    0x24e21 ./output/trcStaticBuffer.o
 .debug_str     0x00033e9b    0x25948 ./output/trcStreamingRecorder.o
 .debug_str     0x00033e9b    0x24dc9 ./output/trcString.o
 .debug_str     0x00033e9b    0x25486 ./output/trcTask.o
 .debug_str     0x00033e9b    0x24ee5 ./output/trcTimestamp.o

.comment        0x00000000       0x12
 .comment       0x00000000       0x12 ./output/tasks.o
                                 0x13 (size before relaxing)
 .comment       0x00000012       0x13 ./output/list.o
 .comment       0x00000012       0x13 ./output/queue.o
 .comment       0x00000012       0x13 ./output/timers.o
 .comment       0x00000012       0x13 ./output/heap_4.o
 .comment       0x00000012       0x13 ./output/port.o
 .comment       0x00000012       0x13 ./output/IntQueue.o
 .comment       0x00000012       0x13 ./output/IntQueueTimer.o
 .comment       0x00000012       0x13 ./output/main.o
 .comment       0x00000012       0x13 ./output/main_blinky.o
 .comment       0x00000012       0x13 ./output/startup_gcc.o
 .comment       0x00000012       0x13 ./output/printf-stdarg.o
 .comment       0x00000012       0x13 ./output/trcKernelPort.o
 .comment       0x00000012       0x13 ./output/trcStreamPort.o
 .comment       0x00000012       0x13 ./output/trcAssert.o
 .comment       0x00000012       0x13 ./output/trcCounter.o
 .comment       0x00000012       0x13 ./output/trcDiagnostics.o
 .comment       0x00000012       0x13 ./output/trcEntryTable.o
 .comment       0x00000012       0x13 ./output/trcError.o
 .comment       0x00000012       0x13 ./output/trcEvent.o